17:48:14 **** Clean-only build of configuration Debug for project truck_capacity_sensor ****
rm -rf Src/usbd_cdc_if.o Src/usbd_desc.o Middlewares/STM32_USB_Device_Library/Core/Src/usbd_ioreq.d Src/usbd_cdc_if.d Src/gpio.o Src/main.o Src/usbd_conf.o Src/usbd_desc.d Middlewares/STM32_USB_Device_Library/Core/Src/usbd_ioreq.o Src/gpio.d Drivers/STM32F3xx_HAL_Driver/Src/stm32f3xx_hal_cortex.d Drivers/STM32F3xx_HAL_Driver/Src/stm32f3xx_hal_cortex.o Src/max_i2cxl.o Drivers/STM32F3xx_HAL_Driver/Src/stm32f3xx_hal_rcc.o Src/i2c.o Src/i2c.d Src/max_i2cxl.d Drivers/STM32F3xx_HAL_Driver/Src/stm32f3xx_hal_gpio.d Drivers/STM32F3xx_HAL_Driver/Src/stm32f3xx_hal_rcc.d Drivers/STM32F3xx_HAL_Driver/Src/stm32f3xx_hal_i2c_ex.o Middlewares/STM32_USB_Device_Library/Core/Src/usbd_ctlreq.d Drivers/STM32F3xx_HAL_Driver/Src/stm32f3xx_hal_tim_ex.d Drivers/STM32F3xx_HAL_Driver/Src/stm32f3xx_hal_tim_ex.o Drivers/STM32F3xx_HAL_Driver/Src/stm32f3xx_hal_i2c_ex.d Middlewares/STM32_USB_Device_Library/Core/Src/usbd_ctlreq.o Drivers/STM32F3xx_HAL_Driver/Src/stm32f3xx_hal_pcd.o Drivers/STM32F3xx_HAL_Driver/Src/stm32f3xx_hal_spi_ex.o truck_capacity_sensor truck_capacity_sensor.elf Src/usb_device.d Drivers/STM32F3xx_HAL_Driver/Src/stm32f3xx_hal_tim.d Drivers/STM32F3xx_HAL_Driver/Src/stm32f3xx_hal_i2c.o Src/system_stm32f3xx.d Drivers/STM32F3xx_HAL_Driver/Src/stm32f3xx_hal_pcd_ex.d Src/usb_device.o Drivers/STM32F3xx_HAL_Driver/Src/stm32f3xx_hal_gpio.o Src/usbd_conf.d Src/spi.d Src/system_stm32f3xx.o Src/spi.o Drivers/STM32F3xx_HAL_Driver/Src/stm32f3xx_hal_pcd_ex.o Drivers/STM32F3xx_HAL_Driver/Src/stm32f3xx_hal_flash.o Drivers/STM32F3xx_HAL_Driver/Src/stm32f3xx_hal_flash.d Drivers/STM32F3xx_HAL_Driver/Src/stm32f3xx_hal_pwr.d Drivers/STM32F3xx_HAL_Driver/Src/stm32f3xx_hal_spi.o Drivers/STM32F3xx_HAL_Driver/Src/stm32f3xx_hal_tim.o Drivers/STM32F3xx_HAL_Driver/Src/stm32f3xx_hal_rcc_ex.o Drivers/STM32F3xx_HAL_Driver/Src/stm32f3xx_hal_spi.d Drivers/STM32F3xx_HAL_Driver/Src/stm32f3xx_hal_i2c.d Drivers/STM32F3xx_HAL_Driver/Src/stm32f3xx_hal_rcc_ex.d Drivers/STM32F3xx_HAL_Driver/Src/stm32f3xx_hal_pwr.o Middlewares/STM32_USB_Device_Library/Core/Src/usbd_core.o Src/stm32f3xx_it.d Drivers/STM32F3xx_HAL_Driver/Src/stm32f3xx_hal_pwr_ex.o Drivers/STM32F3xx_HAL_Driver/Src/stm32f3xx_hal_spi_ex.d Drivers/STM32F3xx_HAL_Driver/Src/stm32f3xx_hal_pcd.d startup/startup_stm32f303xc.o Src/stm32f3xx_it.o Middlewares/STM32_USB_Device_Library/Core/Src/usbd_core.d Drivers/STM32F3xx_HAL_Driver/Src/stm32f3xx_hal_flash_ex.d Drivers/STM32F3xx_HAL_Driver/Src/stm32f3xx_hal_flash_ex.o Src/stm32f3xx_hal_msp.o Drivers/STM32F3xx_HAL_Driver/Src/stm32f3xx_hal_dma.o Src/stm32f3xx_hal_msp.d Drivers/STM32F3xx_HAL_Driver/Src/stm32f3xx_hal_pwr_ex.d Middlewares/STM32_USB_Device_Library/Class/CDC/Src/usbd_cdc.o Src/debug.o Drivers/STM32F3xx_HAL_Driver/Src/stm32f3xx_hal_dma.d Middlewares/STM32_USB_Device_Library/Class/CDC/Src/usbd_cdc.d Drivers/STM32F3xx_HAL_Driver/Src/stm32f3xx_hal.o Src/debug.d Drivers/STM32F3xx_HAL_Driver/Src/stm32f3xx_hal.d Src/main.d 
17:48:25 **** Rebuild of configuration Debug for project truck_capacity_sensor ****
Info: Internal Builder is used for build
arm-atollic-eabi-gcc -c -mthumb -mcpu=cortex-m4 -mfloat-abi=hard -mfpu=fpv4-sp-d16 -std=gnu11 -D__weak=__attribute__((weak)) -D__packed=__attribute__((__packed__)) -DUSE_HAL_DRIVER -DSTM32F303xC -I../Inc -I../Drivers/STM32F3xx_HAL_Driver/Inc -I../Drivers/STM32F3xx_HAL_Driver/Inc/Legacy -I../Drivers/CMSIS/Device/ST/STM32F3xx/Include -I../Drivers/CMSIS/Include -I../Middlewares/ST/STM32_USB_Device_Library/Core/Inc -I../Middlewares/ST/STM32_USB_Device_Library/Class/CDC/Inc -O0 -ffunction-sections -fdata-sections -g3 -fstack-usage -Wall -specs=nano.specs -o Middlewares\STM32_USB_Device_Library\Core\Src\usbd_ctlreq.o ..\Middlewares\ST\STM32_USB_Device_Library\Core\Src\usbd_ctlreq.c 
arm-atollic-eabi-gcc -c -mthumb -mcpu=cortex-m4 -mfloat-abi=hard -mfpu=fpv4-sp-d16 -std=gnu11 -D__weak=__attribute__((weak)) -D__packed=__attribute__((__packed__)) -DUSE_HAL_DRIVER -DSTM32F303xC -I../Inc -I../Drivers/STM32F3xx_HAL_Driver/Inc -I../Drivers/STM32F3xx_HAL_Driver/Inc/Legacy -I../Drivers/CMSIS/Device/ST/STM32F3xx/Include -I../Drivers/CMSIS/Include -I../Middlewares/ST/STM32_USB_Device_Library/Core/Inc -I../Middlewares/ST/STM32_USB_Device_Library/Class/CDC/Inc -O0 -ffunction-sections -fdata-sections -g3 -fstack-usage -Wall -specs=nano.specs -o Drivers\STM32F3xx_HAL_Driver\Src\stm32f3xx_hal.o ..\Drivers\STM32F3xx_HAL_Driver\Src\stm32f3xx_hal.c 
arm-atollic-eabi-gcc -c -mthumb -mcpu=cortex-m4 -mfloat-abi=hard -mfpu=fpv4-sp-d16 -std=gnu11 -D__weak=__attribute__((weak)) -D__packed=__attribute__((__packed__)) -DUSE_HAL_DRIVER -DSTM32F303xC -I../Inc -I../Drivers/STM32F3xx_HAL_Driver/Inc -I../Drivers/STM32F3xx_HAL_Driver/Inc/Legacy -I../Drivers/CMSIS/Device/ST/STM32F3xx/Include -I../Drivers/CMSIS/Include -I../Middlewares/ST/STM32_USB_Device_Library/Core/Inc -I../Middlewares/ST/STM32_USB_Device_Library/Class/CDC/Inc -O0 -ffunction-sections -fdata-sections -g3 -fstack-usage -Wall -specs=nano.specs -o Drivers\STM32F3xx_HAL_Driver\Src\stm32f3xx_hal_gpio.o ..\Drivers\STM32F3xx_HAL_Driver\Src\stm32f3xx_hal_gpio.c 
arm-atollic-eabi-gcc -c -mthumb -mcpu=cortex-m4 -mfloat-abi=hard -mfpu=fpv4-sp-d16 -std=gnu11 -D__weak=__attribute__((weak)) -D__packed=__attribute__((__packed__)) -DUSE_HAL_DRIVER -DSTM32F303xC -I../Inc -I../Drivers/STM32F3xx_HAL_Driver/Inc -I../Drivers/STM32F3xx_HAL_Driver/Inc/Legacy -I../Drivers/CMSIS/Device/ST/STM32F3xx/Include -I../Drivers/CMSIS/Include -I../Middlewares/ST/STM32_USB_Device_Library/Core/Inc -I../Middlewares/ST/STM32_USB_Device_Library/Class/CDC/Inc -O0 -ffunction-sections -fdata-sections -g3 -fstack-usage -Wall -specs=nano.specs -o Drivers\STM32F3xx_HAL_Driver\Src\stm32f3xx_hal_cortex.o ..\Drivers\STM32F3xx_HAL_Driver\Src\stm32f3xx_hal_cortex.c 
arm-atollic-eabi-gcc -c -mthumb -mcpu=cortex-m4 -mfloat-abi=hard -mfpu=fpv4-sp-d16 -std=gnu11 -D__weak=__attribute__((weak)) -D__packed=__attribute__((__packed__)) -DUSE_HAL_DRIVER -DSTM32F303xC -I../Inc -I../Drivers/STM32F3xx_HAL_Driver/Inc -I../Drivers/STM32F3xx_HAL_Driver/Inc/Legacy -I../Drivers/CMSIS/Device/ST/STM32F3xx/Include -I../Drivers/CMSIS/Include -I../Middlewares/ST/STM32_USB_Device_Library/Core/Inc -I../Middlewares/ST/STM32_USB_Device_Library/Class/CDC/Inc -O0 -ffunction-sections -fdata-sections -g3 -fstack-usage -Wall -specs=nano.specs -o Drivers\STM32F3xx_HAL_Driver\Src\stm32f3xx_hal_spi_ex.o ..\Drivers\STM32F3xx_HAL_Driver\Src\stm32f3xx_hal_spi_ex.c 
arm-atollic-eabi-gcc -c -mthumb -mcpu=cortex-m4 -mfloat-abi=hard -mfpu=fpv4-sp-d16 -std=gnu11 -D__weak=__attribute__((weak)) -D__packed=__attribute__((__packed__)) -DUSE_HAL_DRIVER -DSTM32F303xC -I../Inc -I../Drivers/STM32F3xx_HAL_Driver/Inc -I../Drivers/STM32F3xx_HAL_Driver/Inc/Legacy -I../Drivers/CMSIS/Device/ST/STM32F3xx/Include -I../Drivers/CMSIS/Include -I../Middlewares/ST/STM32_USB_Device_Library/Core/Inc -I../Middlewares/ST/STM32_USB_Device_Library/Class/CDC/Inc -O0 -ffunction-sections -fdata-sections -g3 -fstack-usage -Wall -specs=nano.specs -o Drivers\STM32F3xx_HAL_Driver\Src\stm32f3xx_hal_rcc_ex.o ..\Drivers\STM32F3xx_HAL_Driver\Src\stm32f3xx_hal_rcc_ex.c 
arm-atollic-eabi-gcc -c -mthumb -mcpu=cortex-m4 -mfloat-abi=hard -mfpu=fpv4-sp-d16 -std=gnu11 -D__weak=__attribute__((weak)) -D__packed=__attribute__((__packed__)) -DUSE_HAL_DRIVER -DSTM32F303xC -I../Inc -I../Drivers/STM32F3xx_HAL_Driver/Inc -I../Drivers/STM32F3xx_HAL_Driver/Inc/Legacy -I../Drivers/CMSIS/Device/ST/STM32F3xx/Include -I../Drivers/CMSIS/Include -I../Middlewares/ST/STM32_USB_Device_Library/Core/Inc -I../Middlewares/ST/STM32_USB_Device_Library/Class/CDC/Inc -O0 -ffunction-sections -fdata-sections -g3 -fstack-usage -Wall -specs=nano.specs -o Middlewares\STM32_USB_Device_Library\Core\Src\usbd_core.o ..\Middlewares\ST\STM32_USB_Device_Library\Core\Src\usbd_core.c 
arm-atollic-eabi-gcc -c -mthumb -mcpu=cortex-m4 -mfloat-abi=hard -mfpu=fpv4-sp-d16 -std=gnu11 -D__weak=__attribute__((weak)) -D__packed=__attribute__((__packed__)) -DUSE_HAL_DRIVER -DSTM32F303xC -I../Inc -I../Drivers/STM32F3xx_HAL_Driver/Inc -I../Drivers/STM32F3xx_HAL_Driver/Inc/Legacy -I../Drivers/CMSIS/Device/ST/STM32F3xx/Include -I../Drivers/CMSIS/Include -I../Middlewares/ST/STM32_USB_Device_Library/Core/Inc -I../Middlewares/ST/STM32_USB_Device_Library/Class/CDC/Inc -O0 -ffunction-sections -fdata-sections -g3 -fstack-usage -Wall -specs=nano.specs -o Src\main.o ..\Src\main.c 
..\Src\main.c: In function 'main':
..\Src\main.c:134:2: warning: implicit declaration of function 'print_debug_message' [-Wimplicit-function-declaration]
  print_debug_message("I: Initializing System...\r\n");
  ^~~~~~~~~~~~~~~~~~~
..\Src\main.c:145:17: warning: implicit declaration of function 'i2cxl_maxsonar_init' [-Wimplicit-function-declaration]
   if((ret_val = i2cxl_maxsonar_init()) != 0) {
                 ^~~~~~~~~~~~~~~~~~~
..\Src\main.c:146:38: warning: format '%d' expects argument of type 'int', but argument 3 has type 'uint32_t {aka volatile long unsigned int}' [-Wformat=]
    sprintf(error_message, "E: Error %d initializing sensor...\r\n", ret_val);
                                      ^
..\Src\main.c:178:14: warning: implicit declaration of function 'i2cxl_maxsonar_start' [-Wimplicit-function-declaration]
    ret_val = i2cxl_maxsonar_start(112, &range_cm);
              ^~~~~~~~~~~~~~~~~~~~
..\Src\main.c:179:4: warning: implicit declaration of function 'print_measurement' [-Wimplicit-function-declaration]
    print_measurement(range_cm);
    ^~~~~~~~~~~~~~~~~
arm-atollic-eabi-gcc -c -mthumb -mcpu=cortex-m4 -mfloat-abi=hard -mfpu=fpv4-sp-d16 -std=gnu11 -D__weak=__attribute__((weak)) -D__packed=__attribute__((__packed__)) -DUSE_HAL_DRIVER -DSTM32F303xC -I../Inc -I../Drivers/STM32F3xx_HAL_Driver/Inc -I../Drivers/STM32F3xx_HAL_Driver/Inc/Legacy -I../Drivers/CMSIS/Device/ST/STM32F3xx/Include -I../Drivers/CMSIS/Include -I../Middlewares/ST/STM32_USB_Device_Library/Core/Inc -I../Middlewares/ST/STM32_USB_Device_Library/Class/CDC/Inc -O0 -ffunction-sections -fdata-sections -g3 -fstack-usage -Wall -specs=nano.specs -o Src\system_stm32f3xx.o ..\Src\system_stm32f3xx.c 
arm-atollic-eabi-gcc -c -mthumb -mcpu=cortex-m4 -mfloat-abi=hard -mfpu=fpv4-sp-d16 -std=gnu11 -D__weak=__attribute__((weak)) -D__packed=__attribute__((__packed__)) -DUSE_HAL_DRIVER -DSTM32F303xC -I../Inc -I../Drivers/STM32F3xx_HAL_Driver/Inc -I../Drivers/STM32F3xx_HAL_Driver/Inc/Legacy -I../Drivers/CMSIS/Device/ST/STM32F3xx/Include -I../Drivers/CMSIS/Include -I../Middlewares/ST/STM32_USB_Device_Library/Core/Inc -I../Middlewares/ST/STM32_USB_Device_Library/Class/CDC/Inc -O0 -ffunction-sections -fdata-sections -g3 -fstack-usage -Wall -specs=nano.specs -o Src\usb_device.o ..\Src\usb_device.c 
arm-atollic-eabi-gcc -c -mthumb -mcpu=cortex-m4 -mfloat-abi=hard -mfpu=fpv4-sp-d16 -std=gnu11 -D__weak=__attribute__((weak)) -D__packed=__attribute__((__packed__)) -DUSE_HAL_DRIVER -DSTM32F303xC -I../Inc -I../Drivers/STM32F3xx_HAL_Driver/Inc -I../Drivers/STM32F3xx_HAL_Driver/Inc/Legacy -I../Drivers/CMSIS/Device/ST/STM32F3xx/Include -I../Drivers/CMSIS/Include -I../Middlewares/ST/STM32_USB_Device_Library/Core/Inc -I../Middlewares/ST/STM32_USB_Device_Library/Class/CDC/Inc -O0 -ffunction-sections -fdata-sections -g3 -fstack-usage -Wall -specs=nano.specs -o Src\debug.o ..\Src\debug.c 
..\Src\debug.c: In function 'print_measurement':
..\Src\debug.c:17:2: warning: implicit declaration of function 'memset' [-Wimplicit-function-declaration]
  memset(Buf, 0, CLR_SCR_BUF_SIZE);
  ^~~~~~
..\Src\debug.c:17:2: warning: incompatible implicit declaration of built-in function 'memset'
..\Src\debug.c:17:2: note: include '<string.h>' or provide a declaration of 'memset'
..\Src\debug.c:21:2: warning: implicit declaration of function 'sprintf' [-Wimplicit-function-declaration]
  sprintf(clr_screen_buf, "%c[2J", ESC);
  ^~~~~~~
..\Src\debug.c:21:2: warning: incompatible implicit declaration of built-in function 'sprintf'
..\Src\debug.c:21:2: note: include '<stdio.h>' or provide a declaration of 'sprintf'
..\Src\debug.c:24:2: warning: implicit declaration of function 'CDC_Transmit_FS' [-Wimplicit-function-declaration]
  CDC_Transmit_FS((uint8_t *)clr_screen_buf, strlen(clr_screen_buf));
  ^~~~~~~~~~~~~~~
..\Src\debug.c:24:45: warning: implicit declaration of function 'strlen' [-Wimplicit-function-declaration]
  CDC_Transmit_FS((uint8_t *)clr_screen_buf, strlen(clr_screen_buf));
                                             ^~~~~~
..\Src\debug.c:24:45: warning: incompatible implicit declaration of built-in function 'strlen'
..\Src\debug.c:24:45: note: include '<string.h>' or provide a declaration of 'strlen'
..\Src\debug.c: In function 'print_debug_message':
..\Src\debug.c:29:38: warning: incompatible implicit declaration of built-in function 'strlen'
  CDC_Transmit_FS((uint8_t *)message, strlen(message));
                                      ^~~~~~
..\Src\debug.c:29:38: note: include '<string.h>' or provide a declaration of 'strlen'
arm-atollic-eabi-gcc -c -mthumb -mcpu=cortex-m4 -mfloat-abi=hard -mfpu=fpv4-sp-d16 -std=gnu11 -D__weak=__attribute__((weak)) -D__packed=__attribute__((__packed__)) -DUSE_HAL_DRIVER -DSTM32F303xC -I../Inc -I../Drivers/STM32F3xx_HAL_Driver/Inc -I../Drivers/STM32F3xx_HAL_Driver/Inc/Legacy -I../Drivers/CMSIS/Device/ST/STM32F3xx/Include -I../Drivers/CMSIS/Include -I../Middlewares/ST/STM32_USB_Device_Library/Core/Inc -I../Middlewares/ST/STM32_USB_Device_Library/Class/CDC/Inc -O0 -ffunction-sections -fdata-sections -g3 -fstack-usage -Wall -specs=nano.specs -o Drivers\STM32F3xx_HAL_Driver\Src\stm32f3xx_hal_tim.o ..\Drivers\STM32F3xx_HAL_Driver\Src\stm32f3xx_hal_tim.c 
arm-atollic-eabi-gcc -c -mthumb -mcpu=cortex-m4 -mfloat-abi=hard -mfpu=fpv4-sp-d16 -std=gnu11 -D__weak=__attribute__((weak)) -D__packed=__attribute__((__packed__)) -DUSE_HAL_DRIVER -DSTM32F303xC -I../Inc -I../Drivers/STM32F3xx_HAL_Driver/Inc -I../Drivers/STM32F3xx_HAL_Driver/Inc/Legacy -I../Drivers/CMSIS/Device/ST/STM32F3xx/Include -I../Drivers/CMSIS/Include -I../Middlewares/ST/STM32_USB_Device_Library/Core/Inc -I../Middlewares/ST/STM32_USB_Device_Library/Class/CDC/Inc -O0 -ffunction-sections -fdata-sections -g3 -fstack-usage -Wall -specs=nano.specs -o Drivers\STM32F3xx_HAL_Driver\Src\stm32f3xx_hal_pcd_ex.o ..\Drivers\STM32F3xx_HAL_Driver\Src\stm32f3xx_hal_pcd_ex.c 
arm-atollic-eabi-gcc -c -mthumb -mcpu=cortex-m4 -mfloat-abi=hard -mfpu=fpv4-sp-d16 -std=gnu11 -D__weak=__attribute__((weak)) -D__packed=__attribute__((__packed__)) -DUSE_HAL_DRIVER -DSTM32F303xC -I../Inc -I../Drivers/STM32F3xx_HAL_Driver/Inc -I../Drivers/STM32F3xx_HAL_Driver/Inc/Legacy -I../Drivers/CMSIS/Device/ST/STM32F3xx/Include -I../Drivers/CMSIS/Include -I../Middlewares/ST/STM32_USB_Device_Library/Core/Inc -I../Middlewares/ST/STM32_USB_Device_Library/Class/CDC/Inc -O0 -ffunction-sections -fdata-sections -g3 -fstack-usage -Wall -specs=nano.specs -o Middlewares\STM32_USB_Device_Library\Class\CDC\Src\usbd_cdc.o ..\Middlewares\ST\STM32_USB_Device_Library\Class\CDC\Src\usbd_cdc.c 
arm-atollic-eabi-gcc -c -mthumb -mcpu=cortex-m4 -mfloat-abi=hard -mfpu=fpv4-sp-d16 -std=gnu11 -D__weak=__attribute__((weak)) -D__packed=__attribute__((__packed__)) -DUSE_HAL_DRIVER -DSTM32F303xC -I../Inc -I../Drivers/STM32F3xx_HAL_Driver/Inc -I../Drivers/STM32F3xx_HAL_Driver/Inc/Legacy -I../Drivers/CMSIS/Device/ST/STM32F3xx/Include -I../Drivers/CMSIS/Include -I../Middlewares/ST/STM32_USB_Device_Library/Core/Inc -I../Middlewares/ST/STM32_USB_Device_Library/Class/CDC/Inc -O0 -ffunction-sections -fdata-sections -g3 -fstack-usage -Wall -specs=nano.specs -o Drivers\STM32F3xx_HAL_Driver\Src\stm32f3xx_hal_flash.o ..\Drivers\STM32F3xx_HAL_Driver\Src\stm32f3xx_hal_flash.c 
arm-atollic-eabi-gcc -c -mthumb -mcpu=cortex-m4 -mfloat-abi=hard -mfpu=fpv4-sp-d16 -std=gnu11 -D__weak=__attribute__((weak)) -D__packed=__attribute__((__packed__)) -DUSE_HAL_DRIVER -DSTM32F303xC -I../Inc -I../Drivers/STM32F3xx_HAL_Driver/Inc -I../Drivers/STM32F3xx_HAL_Driver/Inc/Legacy -I../Drivers/CMSIS/Device/ST/STM32F3xx/Include -I../Drivers/CMSIS/Include -I../Middlewares/ST/STM32_USB_Device_Library/Core/Inc -I../Middlewares/ST/STM32_USB_Device_Library/Class/CDC/Inc -O0 -ffunction-sections -fdata-sections -g3 -fstack-usage -Wall -specs=nano.specs -o Drivers\STM32F3xx_HAL_Driver\Src\stm32f3xx_hal_dma.o ..\Drivers\STM32F3xx_HAL_Driver\Src\stm32f3xx_hal_dma.c 
arm-atollic-eabi-gcc -c -mthumb -mcpu=cortex-m4 -mfloat-abi=hard -mfpu=fpv4-sp-d16 -std=gnu11 -D__weak=__attribute__((weak)) -D__packed=__attribute__((__packed__)) -DUSE_HAL_DRIVER -DSTM32F303xC -I../Inc -I../Drivers/STM32F3xx_HAL_Driver/Inc -I../Drivers/STM32F3xx_HAL_Driver/Inc/Legacy -I../Drivers/CMSIS/Device/ST/STM32F3xx/Include -I../Drivers/CMSIS/Include -I../Middlewares/ST/STM32_USB_Device_Library/Core/Inc -I../Middlewares/ST/STM32_USB_Device_Library/Class/CDC/Inc -O0 -ffunction-sections -fdata-sections -g3 -fstack-usage -Wall -specs=nano.specs -o Middlewares\STM32_USB_Device_Library\Core\Src\usbd_ioreq.o ..\Middlewares\ST\STM32_USB_Device_Library\Core\Src\usbd_ioreq.c 
arm-atollic-eabi-gcc -c -mthumb -mcpu=cortex-m4 -mfloat-abi=hard -mfpu=fpv4-sp-d16 -std=gnu11 -D__weak=__attribute__((weak)) -D__packed=__attribute__((__packed__)) -DUSE_HAL_DRIVER -DSTM32F303xC -I../Inc -I../Drivers/STM32F3xx_HAL_Driver/Inc -I../Drivers/STM32F3xx_HAL_Driver/Inc/Legacy -I../Drivers/CMSIS/Device/ST/STM32F3xx/Include -I../Drivers/CMSIS/Include -I../Middlewares/ST/STM32_USB_Device_Library/Core/Inc -I../Middlewares/ST/STM32_USB_Device_Library/Class/CDC/Inc -O0 -ffunction-sections -fdata-sections -g3 -fstack-usage -Wall -specs=nano.specs -o Src\gpio.o ..\Src\gpio.c 
arm-atollic-eabi-gcc -c -mthumb -mcpu=cortex-m4 -mfloat-abi=hard -mfpu=fpv4-sp-d16 -std=gnu11 -D__weak=__attribute__((weak)) -D__packed=__attribute__((__packed__)) -DUSE_HAL_DRIVER -DSTM32F303xC -I../Inc -I../Drivers/STM32F3xx_HAL_Driver/Inc -I../Drivers/STM32F3xx_HAL_Driver/Inc/Legacy -I../Drivers/CMSIS/Device/ST/STM32F3xx/Include -I../Drivers/CMSIS/Include -I../Middlewares/ST/STM32_USB_Device_Library/Core/Inc -I../Middlewares/ST/STM32_USB_Device_Library/Class/CDC/Inc -O0 -ffunction-sections -fdata-sections -g3 -fstack-usage -Wall -specs=nano.specs -o Drivers\STM32F3xx_HAL_Driver\Src\stm32f3xx_hal_spi.o ..\Drivers\STM32F3xx_HAL_Driver\Src\stm32f3xx_hal_spi.c 
arm-atollic-eabi-gcc -c -mthumb -mcpu=cortex-m4 -mfloat-abi=hard -mfpu=fpv4-sp-d16 -std=gnu11 -D__weak=__attribute__((weak)) -D__packed=__attribute__((__packed__)) -DUSE_HAL_DRIVER -DSTM32F303xC -I../Inc -I../Drivers/STM32F3xx_HAL_Driver/Inc -I../Drivers/STM32F3xx_HAL_Driver/Inc/Legacy -I../Drivers/CMSIS/Device/ST/STM32F3xx/Include -I../Drivers/CMSIS/Include -I../Middlewares/ST/STM32_USB_Device_Library/Core/Inc -I../Middlewares/ST/STM32_USB_Device_Library/Class/CDC/Inc -O0 -ffunction-sections -fdata-sections -g3 -fstack-usage -Wall -specs=nano.specs -o Drivers\STM32F3xx_HAL_Driver\Src\stm32f3xx_hal_pwr.o ..\Drivers\STM32F3xx_HAL_Driver\Src\stm32f3xx_hal_pwr.c 
arm-atollic-eabi-gcc -c -mthumb -mcpu=cortex-m4 -mfloat-abi=hard -mfpu=fpv4-sp-d16 -std=gnu11 -D__weak=__attribute__((weak)) -D__packed=__attribute__((__packed__)) -DUSE_HAL_DRIVER -DSTM32F303xC -I../Inc -I../Drivers/STM32F3xx_HAL_Driver/Inc -I../Drivers/STM32F3xx_HAL_Driver/Inc/Legacy -I../Drivers/CMSIS/Device/ST/STM32F3xx/Include -I../Drivers/CMSIS/Include -I../Middlewares/ST/STM32_USB_Device_Library/Core/Inc -I../Middlewares/ST/STM32_USB_Device_Library/Class/CDC/Inc -O0 -ffunction-sections -fdata-sections -g3 -fstack-usage -Wall -specs=nano.specs -o Src\usbd_desc.o ..\Src\usbd_desc.c 
arm-atollic-eabi-gcc -c -mthumb -mcpu=cortex-m4 -mfloat-abi=hard -mfpu=fpv4-sp-d16 -g -Wa,--no-warn -x assembler-with-cpp -specs=nano.specs -o startup\startup_stm32f303xc.o ..\startup\startup_stm32f303xc.s 
arm-atollic-eabi-gcc -c -mthumb -mcpu=cortex-m4 -mfloat-abi=hard -mfpu=fpv4-sp-d16 -std=gnu11 -D__weak=__attribute__((weak)) -D__packed=__attribute__((__packed__)) -DUSE_HAL_DRIVER -DSTM32F303xC -I../Inc -I../Drivers/STM32F3xx_HAL_Driver/Inc -I../Drivers/STM32F3xx_HAL_Driver/Inc/Legacy -I../Drivers/CMSIS/Device/ST/STM32F3xx/Include -I../Drivers/CMSIS/Include -I../Middlewares/ST/STM32_USB_Device_Library/Core/Inc -I../Middlewares/ST/STM32_USB_Device_Library/Class/CDC/Inc -O0 -ffunction-sections -fdata-sections -g3 -fstack-usage -Wall -specs=nano.specs -o Drivers\STM32F3xx_HAL_Driver\Src\stm32f3xx_hal_i2c.o ..\Drivers\STM32F3xx_HAL_Driver\Src\stm32f3xx_hal_i2c.c 
arm-atollic-eabi-gcc -c -mthumb -mcpu=cortex-m4 -mfloat-abi=hard -mfpu=fpv4-sp-d16 -std=gnu11 -D__weak=__attribute__((weak)) -D__packed=__attribute__((__packed__)) -DUSE_HAL_DRIVER -DSTM32F303xC -I../Inc -I../Drivers/STM32F3xx_HAL_Driver/Inc -I../Drivers/STM32F3xx_HAL_Driver/Inc/Legacy -I../Drivers/CMSIS/Device/ST/STM32F3xx/Include -I../Drivers/CMSIS/Include -I../Middlewares/ST/STM32_USB_Device_Library/Core/Inc -I../Middlewares/ST/STM32_USB_Device_Library/Class/CDC/Inc -O0 -ffunction-sections -fdata-sections -g3 -fstack-usage -Wall -specs=nano.specs -o Drivers\STM32F3xx_HAL_Driver\Src\stm32f3xx_hal_flash_ex.o ..\Drivers\STM32F3xx_HAL_Driver\Src\stm32f3xx_hal_flash_ex.c 
arm-atollic-eabi-gcc -c -mthumb -mcpu=cortex-m4 -mfloat-abi=hard -mfpu=fpv4-sp-d16 -std=gnu11 -D__weak=__attribute__((weak)) -D__packed=__attribute__((__packed__)) -DUSE_HAL_DRIVER -DSTM32F303xC -I../Inc -I../Drivers/STM32F3xx_HAL_Driver/Inc -I../Drivers/STM32F3xx_HAL_Driver/Inc/Legacy -I../Drivers/CMSIS/Device/ST/STM32F3xx/Include -I../Drivers/CMSIS/Include -I../Middlewares/ST/STM32_USB_Device_Library/Core/Inc -I../Middlewares/ST/STM32_USB_Device_Library/Class/CDC/Inc -O0 -ffunction-sections -fdata-sections -g3 -fstack-usage -Wall -specs=nano.specs -o Drivers\STM32F3xx_HAL_Driver\Src\stm32f3xx_hal_i2c_ex.o ..\Drivers\STM32F3xx_HAL_Driver\Src\stm32f3xx_hal_i2c_ex.c 
arm-atollic-eabi-gcc -c -mthumb -mcpu=cortex-m4 -mfloat-abi=hard -mfpu=fpv4-sp-d16 -std=gnu11 -D__weak=__attribute__((weak)) -D__packed=__attribute__((__packed__)) -DUSE_HAL_DRIVER -DSTM32F303xC -I../Inc -I../Drivers/STM32F3xx_HAL_Driver/Inc -I../Drivers/STM32F3xx_HAL_Driver/Inc/Legacy -I../Drivers/CMSIS/Device/ST/STM32F3xx/Include -I../Drivers/CMSIS/Include -I../Middlewares/ST/STM32_USB_Device_Library/Core/Inc -I../Middlewares/ST/STM32_USB_Device_Library/Class/CDC/Inc -O0 -ffunction-sections -fdata-sections -g3 -fstack-usage -Wall -specs=nano.specs -o Src\i2c.o ..\Src\i2c.c 
arm-atollic-eabi-gcc -c -mthumb -mcpu=cortex-m4 -mfloat-abi=hard -mfpu=fpv4-sp-d16 -std=gnu11 -D__weak=__attribute__((weak)) -D__packed=__attribute__((__packed__)) -DUSE_HAL_DRIVER -DSTM32F303xC -I../Inc -I../Drivers/STM32F3xx_HAL_Driver/Inc -I../Drivers/STM32F3xx_HAL_Driver/Inc/Legacy -I../Drivers/CMSIS/Device/ST/STM32F3xx/Include -I../Drivers/CMSIS/Include -I../Middlewares/ST/STM32_USB_Device_Library/Core/Inc -I../Middlewares/ST/STM32_USB_Device_Library/Class/CDC/Inc -O0 -ffunction-sections -fdata-sections -g3 -fstack-usage -Wall -specs=nano.specs -o Src\usbd_cdc_if.o ..\Src\usbd_cdc_if.c 
arm-atollic-eabi-gcc -c -mthumb -mcpu=cortex-m4 -mfloat-abi=hard -mfpu=fpv4-sp-d16 -std=gnu11 -D__weak=__attribute__((weak)) -D__packed=__attribute__((__packed__)) -DUSE_HAL_DRIVER -DSTM32F303xC -I../Inc -I../Drivers/STM32F3xx_HAL_Driver/Inc -I../Drivers/STM32F3xx_HAL_Driver/Inc/Legacy -I../Drivers/CMSIS/Device/ST/STM32F3xx/Include -I../Drivers/CMSIS/Include -I../Middlewares/ST/STM32_USB_Device_Library/Core/Inc -I../Middlewares/ST/STM32_USB_Device_Library/Class/CDC/Inc -O0 -ffunction-sections -fdata-sections -g3 -fstack-usage -Wall -specs=nano.specs -o Drivers\STM32F3xx_HAL_Driver\Src\stm32f3xx_hal_tim_ex.o ..\Drivers\STM32F3xx_HAL_Driver\Src\stm32f3xx_hal_tim_ex.c 
arm-atollic-eabi-gcc -c -mthumb -mcpu=cortex-m4 -mfloat-abi=hard -mfpu=fpv4-sp-d16 -std=gnu11 -D__weak=__attribute__((weak)) -D__packed=__attribute__((__packed__)) -DUSE_HAL_DRIVER -DSTM32F303xC -I../Inc -I../Drivers/STM32F3xx_HAL_Driver/Inc -I../Drivers/STM32F3xx_HAL_Driver/Inc/Legacy -I../Drivers/CMSIS/Device/ST/STM32F3xx/Include -I../Drivers/CMSIS/Include -I../Middlewares/ST/STM32_USB_Device_Library/Core/Inc -I../Middlewares/ST/STM32_USB_Device_Library/Class/CDC/Inc -O0 -ffunction-sections -fdata-sections -g3 -fstack-usage -Wall -specs=nano.specs -o Src\stm32f3xx_it.o ..\Src\stm32f3xx_it.c 
arm-atollic-eabi-gcc -c -mthumb -mcpu=cortex-m4 -mfloat-abi=hard -mfpu=fpv4-sp-d16 -std=gnu11 -D__weak=__attribute__((weak)) -D__packed=__attribute__((__packed__)) -DUSE_HAL_DRIVER -DSTM32F303xC -I../Inc -I../Drivers/STM32F3xx_HAL_Driver/Inc -I../Drivers/STM32F3xx_HAL_Driver/Inc/Legacy -I../Drivers/CMSIS/Device/ST/STM32F3xx/Include -I../Drivers/CMSIS/Include -I../Middlewares/ST/STM32_USB_Device_Library/Core/Inc -I../Middlewares/ST/STM32_USB_Device_Library/Class/CDC/Inc -O0 -ffunction-sections -fdata-sections -g3 -fstack-usage -Wall -specs=nano.specs -o Drivers\STM32F3xx_HAL_Driver\Src\stm32f3xx_hal_pwr_ex.o ..\Drivers\STM32F3xx_HAL_Driver\Src\stm32f3xx_hal_pwr_ex.c 
arm-atollic-eabi-gcc -c -mthumb -mcpu=cortex-m4 -mfloat-abi=hard -mfpu=fpv4-sp-d16 -std=gnu11 -D__weak=__attribute__((weak)) -D__packed=__attribute__((__packed__)) -DUSE_HAL_DRIVER -DSTM32F303xC -I../Inc -I../Drivers/STM32F3xx_HAL_Driver/Inc -I../Drivers/STM32F3xx_HAL_Driver/Inc/Legacy -I../Drivers/CMSIS/Device/ST/STM32F3xx/Include -I../Drivers/CMSIS/Include -I../Middlewares/ST/STM32_USB_Device_Library/Core/Inc -I../Middlewares/ST/STM32_USB_Device_Library/Class/CDC/Inc -O0 -ffunction-sections -fdata-sections -g3 -fstack-usage -Wall -specs=nano.specs -o Src\max_i2cxl.o ..\Src\max_i2cxl.c 
arm-atollic-eabi-gcc -c -mthumb -mcpu=cortex-m4 -mfloat-abi=hard -mfpu=fpv4-sp-d16 -std=gnu11 -D__weak=__attribute__((weak)) -D__packed=__attribute__((__packed__)) -DUSE_HAL_DRIVER -DSTM32F303xC -I../Inc -I../Drivers/STM32F3xx_HAL_Driver/Inc -I../Drivers/STM32F3xx_HAL_Driver/Inc/Legacy -I../Drivers/CMSIS/Device/ST/STM32F3xx/Include -I../Drivers/CMSIS/Include -I../Middlewares/ST/STM32_USB_Device_Library/Core/Inc -I../Middlewares/ST/STM32_USB_Device_Library/Class/CDC/Inc -O0 -ffunction-sections -fdata-sections -g3 -fstack-usage -Wall -specs=nano.specs -o Src\stm32f3xx_hal_msp.o ..\Src\stm32f3xx_hal_msp.c 
arm-atollic-eabi-gcc -c -mthumb -mcpu=cortex-m4 -mfloat-abi=hard -mfpu=fpv4-sp-d16 -std=gnu11 -D__weak=__attribute__((weak)) -D__packed=__attribute__((__packed__)) -DUSE_HAL_DRIVER -DSTM32F303xC -I../Inc -I../Drivers/STM32F3xx_HAL_Driver/Inc -I../Drivers/STM32F3xx_HAL_Driver/Inc/Legacy -I../Drivers/CMSIS/Device/ST/STM32F3xx/Include -I../Drivers/CMSIS/Include -I../Middlewares/ST/STM32_USB_Device_Library/Core/Inc -I../Middlewares/ST/STM32_USB_Device_Library/Class/CDC/Inc -O0 -ffunction-sections -fdata-sections -g3 -fstack-usage -Wall -specs=nano.specs -o Src\usbd_conf.o ..\Src\usbd_conf.c 
arm-atollic-eabi-gcc -c -mthumb -mcpu=cortex-m4 -mfloat-abi=hard -mfpu=fpv4-sp-d16 -std=gnu11 -D__weak=__attribute__((weak)) -D__packed=__attribute__((__packed__)) -DUSE_HAL_DRIVER -DSTM32F303xC -I../Inc -I../Drivers/STM32F3xx_HAL_Driver/Inc -I../Drivers/STM32F3xx_HAL_Driver/Inc/Legacy -I../Drivers/CMSIS/Device/ST/STM32F3xx/Include -I../Drivers/CMSIS/Include -I../Middlewares/ST/STM32_USB_Device_Library/Core/Inc -I../Middlewares/ST/STM32_USB_Device_Library/Class/CDC/Inc -O0 -ffunction-sections -fdata-sections -g3 -fstack-usage -Wall -specs=nano.specs -o Drivers\STM32F3xx_HAL_Driver\Src\stm32f3xx_hal_rcc.o ..\Drivers\STM32F3xx_HAL_Driver\Src\stm32f3xx_hal_rcc.c 
arm-atollic-eabi-gcc -c -mthumb -mcpu=cortex-m4 -mfloat-abi=hard -mfpu=fpv4-sp-d16 -std=gnu11 -D__weak=__attribute__((weak)) -D__packed=__attribute__((__packed__)) -DUSE_HAL_DRIVER -DSTM32F303xC -I../Inc -I../Drivers/STM32F3xx_HAL_Driver/Inc -I../Drivers/STM32F3xx_HAL_Driver/Inc/Legacy -I../Drivers/CMSIS/Device/ST/STM32F3xx/Include -I../Drivers/CMSIS/Include -I../Middlewares/ST/STM32_USB_Device_Library/Core/Inc -I../Middlewares/ST/STM32_USB_Device_Library/Class/CDC/Inc -O0 -ffunction-sections -fdata-sections -g3 -fstack-usage -Wall -specs=nano.specs -o Src\spi.o ..\Src\spi.c 
arm-atollic-eabi-gcc -c -mthumb -mcpu=cortex-m4 -mfloat-abi=hard -mfpu=fpv4-sp-d16 -std=gnu11 -D__weak=__attribute__((weak)) -D__packed=__attribute__((__packed__)) -DUSE_HAL_DRIVER -DSTM32F303xC -I../Inc -I../Drivers/STM32F3xx_HAL_Driver/Inc -I../Drivers/STM32F3xx_HAL_Driver/Inc/Legacy -I../Drivers/CMSIS/Device/ST/STM32F3xx/Include -I../Drivers/CMSIS/Include -I../Middlewares/ST/STM32_USB_Device_Library/Core/Inc -I../Middlewares/ST/STM32_USB_Device_Library/Class/CDC/Inc -O0 -ffunction-sections -fdata-sections -g3 -fstack-usage -Wall -specs=nano.specs -o Drivers\STM32F3xx_HAL_Driver\Src\stm32f3xx_hal_pcd.o ..\Drivers\STM32F3xx_HAL_Driver\Src\stm32f3xx_hal_pcd.c 
arm-atollic-eabi-gcc -o truck_capacity_sensor.elf Drivers\STM32F3xx_HAL_Driver\Src\stm32f3xx_hal.o Drivers\STM32F3xx_HAL_Driver\Src\stm32f3xx_hal_cortex.o Drivers\STM32F3xx_HAL_Driver\Src\stm32f3xx_hal_dma.o Drivers\STM32F3xx_HAL_Driver\Src\stm32f3xx_hal_flash.o Drivers\STM32F3xx_HAL_Driver\Src\stm32f3xx_hal_flash_ex.o Drivers\STM32F3xx_HAL_Driver\Src\stm32f3xx_hal_gpio.o Drivers\STM32F3xx_HAL_Driver\Src\stm32f3xx_hal_i2c.o Drivers\STM32F3xx_HAL_Driver\Src\stm32f3xx_hal_i2c_ex.o Drivers\STM32F3xx_HAL_Driver\Src\stm32f3xx_hal_pcd.o Drivers\STM32F3xx_HAL_Driver\Src\stm32f3xx_hal_pcd_ex.o Drivers\STM32F3xx_HAL_Driver\Src\stm32f3xx_hal_pwr.o Drivers\STM32F3xx_HAL_Driver\Src\stm32f3xx_hal_pwr_ex.o Drivers\STM32F3xx_HAL_Driver\Src\stm32f3xx_hal_rcc.o Drivers\STM32F3xx_HAL_Driver\Src\stm32f3xx_hal_rcc_ex.o Drivers\STM32F3xx_HAL_Driver\Src\stm32f3xx_hal_spi.o Drivers\STM32F3xx_HAL_Driver\Src\stm32f3xx_hal_spi_ex.o Drivers\STM32F3xx_HAL_Driver\Src\stm32f3xx_hal_tim.o Drivers\STM32F3xx_HAL_Driver\Src\stm32f3xx_hal_tim_ex.o Middlewares\STM32_USB_Device_Library\Class\CDC\Src\usbd_cdc.o Middlewares\STM32_USB_Device_Library\Core\Src\usbd_core.o Middlewares\STM32_USB_Device_Library\Core\Src\usbd_ctlreq.o Middlewares\STM32_USB_Device_Library\Core\Src\usbd_ioreq.o Src\debug.o Src\gpio.o Src\i2c.o Src\main.o Src\max_i2cxl.o Src\spi.o Src\stm32f3xx_hal_msp.o Src\stm32f3xx_it.o Src\system_stm32f3xx.o Src\usb_device.o Src\usbd_cdc_if.o Src\usbd_conf.o Src\usbd_desc.o startup\startup_stm32f303xc.o -mthumb -mcpu=cortex-m4 -mfloat-abi=hard -mfpu=fpv4-sp-d16 -T../STM32F303VC_FLASH.ld -specs=nosys.specs -static -Wl,-Map=truck_capacity_sensor.map -Wl,--gc-sections -Wl,--defsym=malloc_getpagesize_P=0x80 -Wl,--start-group -lc -lm -Wl,--end-group -specs=nano.specs 
C:\Program Files (x86)\Atollic\TrueSTUDIO for STM32 9.0.0\ide\jre\bin\java -jar C:\Program Files (x86)\Atollic\TrueSTUDIO for STM32 9.0.0\Tools\arm-atollic-reports.jar sizeinfo list truck_capacity_sensor.elf 
Generate build reports...
Print size information
   text	   data	    bss	    dec	    hex	filename
  30516	    452	   6380	  37348	   91e4	truck_capacity_sensor.elf
Print size information done
Generate listing file
Output sent to: truck_capacity_sensor.list
Generate listing file done
Generate build reports done
Info: Nothing to build for truck_capacity_sensor
17:53:15 **** Incremental Build of configuration Debug for project truck_capacity_sensor ****
Info: Internal Builder is used for build
arm-atollic-eabi-gcc -c -mthumb -mcpu=cortex-m4 -mfloat-abi=hard -mfpu=fpv4-sp-d16 -std=gnu11 -D__weak=__attribute__((weak)) -D__packed=__attribute__((__packed__)) -DUSE_HAL_DRIVER -DSTM32F303xC -I../Inc -I../Drivers/STM32F3xx_HAL_Driver/Inc -I../Drivers/STM32F3xx_HAL_Driver/Inc/Legacy -I../Drivers/CMSIS/Device/ST/STM32F3xx/Include -I../Drivers/CMSIS/Include -I../Middlewares/ST/STM32_USB_Device_Library/Core/Inc -I../Middlewares/ST/STM32_USB_Device_Library/Class/CDC/Inc -O0 -ffunction-sections -fdata-sections -g3 -fstack-usage -Wall -specs=nano.specs -o Src\main.o ..\Src\main.c 
..\Src\main.c: In function 'main':
..\Src\main.c:135:2: warning: implicit declaration of function 'print_debug_message' [-Wimplicit-function-declaration]
  print_debug_message("I: Initializing System...\r\n");
  ^~~~~~~~~~~~~~~~~~~
..\Src\main.c:146:17: warning: implicit declaration of function 'i2cxl_maxsonar_init' [-Wimplicit-function-declaration]
   if((ret_val = i2cxl_maxsonar_init()) != 0) {
                 ^~~~~~~~~~~~~~~~~~~
..\Src\main.c:147:38: warning: format '%d' expects argument of type 'int', but argument 3 has type 'uint32_t {aka volatile long unsigned int}' [-Wformat=]
    sprintf(error_message, "E: Error %d initializing sensor...\r\n", ret_val);
                                      ^
..\Src\main.c:179:14: warning: implicit declaration of function 'i2cxl_maxsonar_start' [-Wimplicit-function-declaration]
    ret_val = i2cxl_maxsonar_start(112, &range_cm);
              ^~~~~~~~~~~~~~~~~~~~
..\Src\main.c:180:4: warning: implicit declaration of function 'print_measurement' [-Wimplicit-function-declaration]
    print_measurement(range_cm);
    ^~~~~~~~~~~~~~~~~
arm-atollic-eabi-gcc -o truck_capacity_sensor.elf Drivers\STM32F3xx_HAL_Driver\Src\stm32f3xx_hal.o Drivers\STM32F3xx_HAL_Driver\Src\stm32f3xx_hal_cortex.o Drivers\STM32F3xx_HAL_Driver\Src\stm32f3xx_hal_dma.o Drivers\STM32F3xx_HAL_Driver\Src\stm32f3xx_hal_flash.o Drivers\STM32F3xx_HAL_Driver\Src\stm32f3xx_hal_flash_ex.o Drivers\STM32F3xx_HAL_Driver\Src\stm32f3xx_hal_gpio.o Drivers\STM32F3xx_HAL_Driver\Src\stm32f3xx_hal_i2c.o Drivers\STM32F3xx_HAL_Driver\Src\stm32f3xx_hal_i2c_ex.o Drivers\STM32F3xx_HAL_Driver\Src\stm32f3xx_hal_pcd.o Drivers\STM32F3xx_HAL_Driver\Src\stm32f3xx_hal_pcd_ex.o Drivers\STM32F3xx_HAL_Driver\Src\stm32f3xx_hal_pwr.o Drivers\STM32F3xx_HAL_Driver\Src\stm32f3xx_hal_pwr_ex.o Drivers\STM32F3xx_HAL_Driver\Src\stm32f3xx_hal_rcc.o Drivers\STM32F3xx_HAL_Driver\Src\stm32f3xx_hal_rcc_ex.o Drivers\STM32F3xx_HAL_Driver\Src\stm32f3xx_hal_spi.o Drivers\STM32F3xx_HAL_Driver\Src\stm32f3xx_hal_spi_ex.o Drivers\STM32F3xx_HAL_Driver\Src\stm32f3xx_hal_tim.o Drivers\STM32F3xx_HAL_Driver\Src\stm32f3xx_hal_tim_ex.o Middlewares\STM32_USB_Device_Library\Class\CDC\Src\usbd_cdc.o Middlewares\STM32_USB_Device_Library\Core\Src\usbd_core.o Middlewares\STM32_USB_Device_Library\Core\Src\usbd_ctlreq.o Middlewares\STM32_USB_Device_Library\Core\Src\usbd_ioreq.o Src\debug.o Src\gpio.o Src\i2c.o Src\main.o Src\max_i2cxl.o Src\spi.o Src\stm32f3xx_hal_msp.o Src\stm32f3xx_it.o Src\system_stm32f3xx.o Src\usb_device.o Src\usbd_cdc_if.o Src\usbd_conf.o Src\usbd_desc.o startup\startup_stm32f303xc.o -mthumb -mcpu=cortex-m4 -mfloat-abi=hard -mfpu=fpv4-sp-d16 -T../STM32F303VC_FLASH.ld -specs=nosys.specs -static -Wl,-Map=truck_capacity_sensor.map -Wl,--gc-sections -Wl,--defsym=malloc_getpagesize_P=0x80 -Wl,--start-group -lc -lm -Wl,--end-group -specs=nano.specs 
C:\Program Files (x86)\Atollic\TrueSTUDIO for STM32 9.0.0\ide\jre\bin\java -jar C:\Program Files (x86)\Atollic\TrueSTUDIO for STM32 9.0.0\Tools\arm-atollic-reports.jar sizeinfo list truck_capacity_sensor.elf 
Generate build reports...
Print size information
   text	   data	    bss	    dec	    hex	filename
  30516	    452	   6380	  37348	   91e4	truck_capacity_sensor.elf
Print size information done
Generate listing file
Output sent to: truck_capacity_sensor.list
Generate listing file done
Generate build reports done
Info: Nothing to build for truck_capacity_sensor
17:58:36 **** Incremental Build of configuration Debug for project truck_capacity_sensor ****
Info: Internal Builder is used for build
arm-atollic-eabi-gcc -c -mthumb -mcpu=cortex-m4 -mfloat-abi=hard -mfpu=fpv4-sp-d16 -std=gnu11 -D__weak=__attribute__((weak)) -D__packed=__attribute__((__packed__)) -DUSE_HAL_DRIVER -DSTM32F303xC -I../Inc -I../Drivers/STM32F3xx_HAL_Driver/Inc -I../Drivers/STM32F3xx_HAL_Driver/Inc/Legacy -I../Drivers/CMSIS/Device/ST/STM32F3xx/Include -I../Drivers/CMSIS/Include -I../Middlewares/ST/STM32_USB_Device_Library/Core/Inc -I../Middlewares/ST/STM32_USB_Device_Library/Class/CDC/Inc -O0 -ffunction-sections -fdata-sections -g3 -fstack-usage -Wall -specs=nano.specs -o Src\main.o ..\Src\main.c 
..\Src\main.c: In function 'main':
..\Src\main.c:138:2: warning: implicit declaration of function 'CDC_Transmit_FS' [-Wimplicit-function-declaration]
  CDC_Transmit_FS((uint8_t *)message, length);
  ^~~~~~~~~~~~~~~
..\Src\main.c:148:3: warning: implicit declaration of function 'print_debug_message' [-Wimplicit-function-declaration]
   print_debug_message("I: Initializing Sensor...\r\n");
   ^~~~~~~~~~~~~~~~~~~
..\Src\main.c:149:17: warning: implicit declaration of function 'i2cxl_maxsonar_init' [-Wimplicit-function-declaration]
   if((ret_val = i2cxl_maxsonar_init()) != 0) {
                 ^~~~~~~~~~~~~~~~~~~
..\Src\main.c:150:38: warning: format '%d' expects argument of type 'int', but argument 3 has type 'uint32_t {aka volatile long unsigned int}' [-Wformat=]
    sprintf(error_message, "E: Error %d initializing sensor...\r\n", ret_val);
                                      ^
..\Src\main.c:182:14: warning: implicit declaration of function 'i2cxl_maxsonar_start' [-Wimplicit-function-declaration]
    ret_val = i2cxl_maxsonar_start(112, &range_cm);
              ^~~~~~~~~~~~~~~~~~~~
..\Src\main.c:183:4: warning: implicit declaration of function 'print_measurement' [-Wimplicit-function-declaration]
    print_measurement(range_cm);
    ^~~~~~~~~~~~~~~~~
arm-atollic-eabi-gcc -o truck_capacity_sensor.elf Drivers\STM32F3xx_HAL_Driver\Src\stm32f3xx_hal.o Drivers\STM32F3xx_HAL_Driver\Src\stm32f3xx_hal_cortex.o Drivers\STM32F3xx_HAL_Driver\Src\stm32f3xx_hal_dma.o Drivers\STM32F3xx_HAL_Driver\Src\stm32f3xx_hal_flash.o Drivers\STM32F3xx_HAL_Driver\Src\stm32f3xx_hal_flash_ex.o Drivers\STM32F3xx_HAL_Driver\Src\stm32f3xx_hal_gpio.o Drivers\STM32F3xx_HAL_Driver\Src\stm32f3xx_hal_i2c.o Drivers\STM32F3xx_HAL_Driver\Src\stm32f3xx_hal_i2c_ex.o Drivers\STM32F3xx_HAL_Driver\Src\stm32f3xx_hal_pcd.o Drivers\STM32F3xx_HAL_Driver\Src\stm32f3xx_hal_pcd_ex.o Drivers\STM32F3xx_HAL_Driver\Src\stm32f3xx_hal_pwr.o Drivers\STM32F3xx_HAL_Driver\Src\stm32f3xx_hal_pwr_ex.o Drivers\STM32F3xx_HAL_Driver\Src\stm32f3xx_hal_rcc.o Drivers\STM32F3xx_HAL_Driver\Src\stm32f3xx_hal_rcc_ex.o Drivers\STM32F3xx_HAL_Driver\Src\stm32f3xx_hal_spi.o Drivers\STM32F3xx_HAL_Driver\Src\stm32f3xx_hal_spi_ex.o Drivers\STM32F3xx_HAL_Driver\Src\stm32f3xx_hal_tim.o Drivers\STM32F3xx_HAL_Driver\Src\stm32f3xx_hal_tim_ex.o Middlewares\STM32_USB_Device_Library\Class\CDC\Src\usbd_cdc.o Middlewares\STM32_USB_Device_Library\Core\Src\usbd_core.o Middlewares\STM32_USB_Device_Library\Core\Src\usbd_ctlreq.o Middlewares\STM32_USB_Device_Library\Core\Src\usbd_ioreq.o Src\debug.o Src\gpio.o Src\i2c.o Src\main.o Src\max_i2cxl.o Src\spi.o Src\stm32f3xx_hal_msp.o Src\stm32f3xx_it.o Src\system_stm32f3xx.o Src\usb_device.o Src\usbd_cdc_if.o Src\usbd_conf.o Src\usbd_desc.o startup\startup_stm32f303xc.o -mthumb -mcpu=cortex-m4 -mfloat-abi=hard -mfpu=fpv4-sp-d16 -T../STM32F303VC_FLASH.ld -specs=nosys.specs -static -Wl,-Map=truck_capacity_sensor.map -Wl,--gc-sections -Wl,--defsym=malloc_getpagesize_P=0x80 -Wl,--start-group -lc -lm -Wl,--end-group -specs=nano.specs 
C:\Program Files (x86)\Atollic\TrueSTUDIO for STM32 9.0.0\ide\jre\bin\java -jar C:\Program Files (x86)\Atollic\TrueSTUDIO for STM32 9.0.0\Tools\arm-atollic-reports.jar sizeinfo list truck_capacity_sensor.elf 
Generate build reports...
Print size information
   text	   data	    bss	    dec	    hex	filename
  30812	    452	   6380	  37644	   930c	truck_capacity_sensor.elf
Print size information done
Generate listing file
Output sent to: truck_capacity_sensor.list
Generate listing file done
Generate build reports done
18:01:23 **** Incremental Build of configuration Debug for project truck_capacity_sensor ****
Info: Internal Builder is used for build
arm-atollic-eabi-gcc -c -mthumb -mcpu=cortex-m4 -mfloat-abi=hard -mfpu=fpv4-sp-d16 -std=gnu11 -D__weak=__attribute__((weak)) -D__packed=__attribute__((__packed__)) -DUSE_HAL_DRIVER -DSTM32F303xC -I../Inc -I../Drivers/STM32F3xx_HAL_Driver/Inc -I../Drivers/STM32F3xx_HAL_Driver/Inc/Legacy -I../Drivers/CMSIS/Device/ST/STM32F3xx/Include -I../Drivers/CMSIS/Include -I../Middlewares/ST/STM32_USB_Device_Library/Core/Inc -I../Middlewares/ST/STM32_USB_Device_Library/Class/CDC/Inc -O0 -ffunction-sections -fdata-sections -g3 -fstack-usage -Wall -specs=nano.specs -o Src\main.o ..\Src\main.c 
..\Src\main.c: In function 'main':
..\Src\main.c:138:12: warning: implicit declaration of function 'CDC_Transmit_FS' [-Wimplicit-function-declaration]
  ret_val = CDC_Transmit_FS((uint8_t *)message, length);
            ^~~~~~~~~~~~~~~
..\Src\main.c:148:3: warning: implicit declaration of function 'print_debug_message' [-Wimplicit-function-declaration]
   print_debug_message("I: Initializing Sensor...\r\n");
   ^~~~~~~~~~~~~~~~~~~
..\Src\main.c:149:17: warning: implicit declaration of function 'i2cxl_maxsonar_init' [-Wimplicit-function-declaration]
   if((ret_val = i2cxl_maxsonar_init()) != 0) {
                 ^~~~~~~~~~~~~~~~~~~
..\Src\main.c:150:38: warning: format '%d' expects argument of type 'int', but argument 3 has type 'uint32_t {aka volatile long unsigned int}' [-Wformat=]
    sprintf(error_message, "E: Error %d initializing sensor...\r\n", ret_val);
                                      ^
..\Src\main.c:151:4: warning: implicit declaration of function 'print_measurement' [-Wimplicit-function-declaration]
    print_measurement(error_message);
    ^~~~~~~~~~~~~~~~~
..\Src\main.c:182:14: warning: implicit declaration of function 'i2cxl_maxsonar_start' [-Wimplicit-function-declaration]
    ret_val = i2cxl_maxsonar_start(112, &range_cm);
              ^~~~~~~~~~~~~~~~~~~~
arm-atollic-eabi-gcc -o truck_capacity_sensor.elf Drivers\STM32F3xx_HAL_Driver\Src\stm32f3xx_hal.o Drivers\STM32F3xx_HAL_Driver\Src\stm32f3xx_hal_cortex.o Drivers\STM32F3xx_HAL_Driver\Src\stm32f3xx_hal_dma.o Drivers\STM32F3xx_HAL_Driver\Src\stm32f3xx_hal_flash.o Drivers\STM32F3xx_HAL_Driver\Src\stm32f3xx_hal_flash_ex.o Drivers\STM32F3xx_HAL_Driver\Src\stm32f3xx_hal_gpio.o Drivers\STM32F3xx_HAL_Driver\Src\stm32f3xx_hal_i2c.o Drivers\STM32F3xx_HAL_Driver\Src\stm32f3xx_hal_i2c_ex.o Drivers\STM32F3xx_HAL_Driver\Src\stm32f3xx_hal_pcd.o Drivers\STM32F3xx_HAL_Driver\Src\stm32f3xx_hal_pcd_ex.o Drivers\STM32F3xx_HAL_Driver\Src\stm32f3xx_hal_pwr.o Drivers\STM32F3xx_HAL_Driver\Src\stm32f3xx_hal_pwr_ex.o Drivers\STM32F3xx_HAL_Driver\Src\stm32f3xx_hal_rcc.o Drivers\STM32F3xx_HAL_Driver\Src\stm32f3xx_hal_rcc_ex.o Drivers\STM32F3xx_HAL_Driver\Src\stm32f3xx_hal_spi.o Drivers\STM32F3xx_HAL_Driver\Src\stm32f3xx_hal_spi_ex.o Drivers\STM32F3xx_HAL_Driver\Src\stm32f3xx_hal_tim.o Drivers\STM32F3xx_HAL_Driver\Src\stm32f3xx_hal_tim_ex.o Middlewares\STM32_USB_Device_Library\Class\CDC\Src\usbd_cdc.o Middlewares\STM32_USB_Device_Library\Core\Src\usbd_core.o Middlewares\STM32_USB_Device_Library\Core\Src\usbd_ctlreq.o Middlewares\STM32_USB_Device_Library\Core\Src\usbd_ioreq.o Src\debug.o Src\gpio.o Src\i2c.o Src\main.o Src\max_i2cxl.o Src\spi.o Src\stm32f3xx_hal_msp.o Src\stm32f3xx_it.o Src\system_stm32f3xx.o Src\usb_device.o Src\usbd_cdc_if.o Src\usbd_conf.o Src\usbd_desc.o startup\startup_stm32f303xc.o -mthumb -mcpu=cortex-m4 -mfloat-abi=hard -mfpu=fpv4-sp-d16 -T../STM32F303VC_FLASH.ld -specs=nosys.specs -static -Wl,-Map=truck_capacity_sensor.map -Wl,--gc-sections -Wl,--defsym=malloc_getpagesize_P=0x80 -Wl,--start-group -lc -lm -Wl,--end-group -specs=nano.specs 
C:\Program Files (x86)\Atollic\TrueSTUDIO for STM32 9.0.0\ide\jre\bin\java -jar C:\Program Files (x86)\Atollic\TrueSTUDIO for STM32 9.0.0\Tools\arm-atollic-reports.jar sizeinfo list truck_capacity_sensor.elf 
Generate build reports...
Print size information
   text	   data	    bss	    dec	    hex	filename
  30820	    452	   6380	  37652	   9314	truck_capacity_sensor.elf
Print size information done
Generate listing file
Output sent to: truck_capacity_sensor.list
Generate listing file done
Generate build reports done
18:04:31 **** Incremental Build of configuration Debug for project truck_capacity_sensor ****
Info: Internal Builder is used for build
arm-atollic-eabi-gcc -c -mthumb -mcpu=cortex-m4 -mfloat-abi=hard -mfpu=fpv4-sp-d16 -std=gnu11 -D__weak=__attribute__((weak)) -D__packed=__attribute__((__packed__)) -DUSE_HAL_DRIVER -DSTM32F303xC -I../Inc -I../Drivers/STM32F3xx_HAL_Driver/Inc -I../Drivers/STM32F3xx_HAL_Driver/Inc/Legacy -I../Drivers/CMSIS/Device/ST/STM32F3xx/Include -I../Drivers/CMSIS/Include -I../Middlewares/ST/STM32_USB_Device_Library/Core/Inc -I../Middlewares/ST/STM32_USB_Device_Library/Class/CDC/Inc -O0 -ffunction-sections -fdata-sections -g3 -fstack-usage -Wall -specs=nano.specs -o Src\main.o ..\Src\main.c 
..\Src\main.c: In function 'main':
..\Src\main.c:149:17: warning: implicit declaration of function 'i2cxl_maxsonar_init' [-Wimplicit-function-declaration]
   if((ret_val = i2cxl_maxsonar_init()) != 0) {
                 ^~~~~~~~~~~~~~~~~~~
..\Src\main.c:150:38: warning: format '%d' expects argument of type 'int', but argument 3 has type 'uint32_t {aka volatile long unsigned int}' [-Wformat=]
    sprintf(error_message, "E: Error %d initializing sensor...\r\n", ret_val);
                                      ^
..\Src\main.c:151:4: warning: implicit declaration of function 'print_debug_message' [-Wimplicit-function-declaration]
    print_debug_message(error_message);
    ^~~~~~~~~~~~~~~~~~~
..\Src\main.c:153:3: warning: implicit declaration of function 'print_measurement' [-Wimplicit-function-declaration]
   print_measurement(range_cm);
   ^~~~~~~~~~~~~~~~~
..\Src\main.c:182:14: warning: implicit declaration of function 'i2cxl_maxsonar_start' [-Wimplicit-function-declaration]
    ret_val = i2cxl_maxsonar_start(112, &range_cm);
              ^~~~~~~~~~~~~~~~~~~~
arm-atollic-eabi-gcc -o truck_capacity_sensor.elf Drivers\STM32F3xx_HAL_Driver\Src\stm32f3xx_hal.o Drivers\STM32F3xx_HAL_Driver\Src\stm32f3xx_hal_cortex.o Drivers\STM32F3xx_HAL_Driver\Src\stm32f3xx_hal_dma.o Drivers\STM32F3xx_HAL_Driver\Src\stm32f3xx_hal_flash.o Drivers\STM32F3xx_HAL_Driver\Src\stm32f3xx_hal_flash_ex.o Drivers\STM32F3xx_HAL_Driver\Src\stm32f3xx_hal_gpio.o Drivers\STM32F3xx_HAL_Driver\Src\stm32f3xx_hal_i2c.o Drivers\STM32F3xx_HAL_Driver\Src\stm32f3xx_hal_i2c_ex.o Drivers\STM32F3xx_HAL_Driver\Src\stm32f3xx_hal_pcd.o Drivers\STM32F3xx_HAL_Driver\Src\stm32f3xx_hal_pcd_ex.o Drivers\STM32F3xx_HAL_Driver\Src\stm32f3xx_hal_pwr.o Drivers\STM32F3xx_HAL_Driver\Src\stm32f3xx_hal_pwr_ex.o Drivers\STM32F3xx_HAL_Driver\Src\stm32f3xx_hal_rcc.o Drivers\STM32F3xx_HAL_Driver\Src\stm32f3xx_hal_rcc_ex.o Drivers\STM32F3xx_HAL_Driver\Src\stm32f3xx_hal_spi.o Drivers\STM32F3xx_HAL_Driver\Src\stm32f3xx_hal_spi_ex.o Drivers\STM32F3xx_HAL_Driver\Src\stm32f3xx_hal_tim.o Drivers\STM32F3xx_HAL_Driver\Src\stm32f3xx_hal_tim_ex.o Middlewares\STM32_USB_Device_Library\Class\CDC\Src\usbd_cdc.o Middlewares\STM32_USB_Device_Library\Core\Src\usbd_core.o Middlewares\STM32_USB_Device_Library\Core\Src\usbd_ctlreq.o Middlewares\STM32_USB_Device_Library\Core\Src\usbd_ioreq.o Src\debug.o Src\gpio.o Src\i2c.o Src\main.o Src\max_i2cxl.o Src\spi.o Src\stm32f3xx_hal_msp.o Src\stm32f3xx_it.o Src\system_stm32f3xx.o Src\usb_device.o Src\usbd_cdc_if.o Src\usbd_conf.o Src\usbd_desc.o startup\startup_stm32f303xc.o -mthumb -mcpu=cortex-m4 -mfloat-abi=hard -mfpu=fpv4-sp-d16 -T../STM32F303VC_FLASH.ld -specs=nosys.specs -static -Wl,-Map=truck_capacity_sensor.map -Wl,--gc-sections -Wl,--defsym=malloc_getpagesize_P=0x80 -Wl,--start-group -lc -lm -Wl,--end-group -specs=nano.specs 
C:\Program Files (x86)\Atollic\TrueSTUDIO for STM32 9.0.0\ide\jre\bin\java -jar C:\Program Files (x86)\Atollic\TrueSTUDIO for STM32 9.0.0\Tools\arm-atollic-reports.jar sizeinfo list truck_capacity_sensor.elf 
Generate build reports...
Print size information
   text	   data	    bss	    dec	    hex	filename
  30400	    452	   6380	  37232	   9170	truck_capacity_sensor.elf
Print size information done
Generate listing file
Output sent to: truck_capacity_sensor.list
Generate listing file done
Generate build reports done
18:08:08 **** Incremental Build of configuration Debug for project truck_capacity_sensor ****
Info: Internal Builder is used for build
arm-atollic-eabi-gcc -c -mthumb -mcpu=cortex-m4 -mfloat-abi=hard -mfpu=fpv4-sp-d16 -std=gnu11 -D__weak=__attribute__((weak)) -D__packed=__attribute__((__packed__)) -DUSE_HAL_DRIVER -DSTM32F303xC -I../Inc -I../Drivers/STM32F3xx_HAL_Driver/Inc -I../Drivers/STM32F3xx_HAL_Driver/Inc/Legacy -I../Drivers/CMSIS/Device/ST/STM32F3xx/Include -I../Drivers/CMSIS/Include -I../Middlewares/ST/STM32_USB_Device_Library/Core/Inc -I../Middlewares/ST/STM32_USB_Device_Library/Class/CDC/Inc -O0 -ffunction-sections -fdata-sections -g3 -fstack-usage -Wall -specs=nano.specs -o Src\debug.o ..\Src\debug.c 
..\Src\debug.c: In function 'print_measurement':
..\Src\debug.c:18:2: warning: implicit declaration of function 'memset' [-Wimplicit-function-declaration]
  memset(Buf, 0, CLR_SCR_BUF_SIZE);
  ^~~~~~
..\Src\debug.c:18:2: warning: incompatible implicit declaration of built-in function 'memset'
..\Src\debug.c:18:2: note: include '<string.h>' or provide a declaration of 'memset'
..\Src\debug.c:22:2: warning: implicit declaration of function 'sprintf' [-Wimplicit-function-declaration]
  sprintf(clr_screen_buf, "%c[2J", ESC);
  ^~~~~~~
..\Src\debug.c:22:2: warning: incompatible implicit declaration of built-in function 'sprintf'
..\Src\debug.c:22:2: note: include '<stdio.h>' or provide a declaration of 'sprintf'
..\Src\debug.c:25:19: warning: implicit declaration of function 'CDC_Transmit_FS' [-Wimplicit-function-declaration]
  while((ret_val = CDC_Transmit_FS((uint8_t *)clr_screen_buf, strlen(clr_screen_buf))) != 0) {
                   ^~~~~~~~~~~~~~~
..\Src\debug.c:25:62: warning: implicit declaration of function 'strlen' [-Wimplicit-function-declaration]
  while((ret_val = CDC_Transmit_FS((uint8_t *)clr_screen_buf, strlen(clr_screen_buf))) != 0) {
                                                              ^~~~~~
..\Src\debug.c:25:62: warning: incompatible implicit declaration of built-in function 'strlen'
..\Src\debug.c:25:62: note: include '<string.h>' or provide a declaration of 'strlen'
..\Src\debug.c:28:51: warning: incompatible implicit declaration of built-in function 'strlen'
  while((ret_val = CDC_Transmit_FS((uint8_t *)Buf, strlen(Buf))) != 0) {}
                                                   ^~~~~~
..\Src\debug.c:28:51: note: include '<string.h>' or provide a declaration of 'strlen'
..\Src\debug.c: In function 'print_debug_message':
..\Src\debug.c:32:38: warning: incompatible implicit declaration of built-in function 'strlen'
  CDC_Transmit_FS((uint8_t *)message, strlen(message));
                                      ^~~~~~
..\Src\debug.c:32:38: note: include '<string.h>' or provide a declaration of 'strlen'
arm-atollic-eabi-gcc -o truck_capacity_sensor.elf Drivers\STM32F3xx_HAL_Driver\Src\stm32f3xx_hal.o Drivers\STM32F3xx_HAL_Driver\Src\stm32f3xx_hal_cortex.o Drivers\STM32F3xx_HAL_Driver\Src\stm32f3xx_hal_dma.o Drivers\STM32F3xx_HAL_Driver\Src\stm32f3xx_hal_flash.o Drivers\STM32F3xx_HAL_Driver\Src\stm32f3xx_hal_flash_ex.o Drivers\STM32F3xx_HAL_Driver\Src\stm32f3xx_hal_gpio.o Drivers\STM32F3xx_HAL_Driver\Src\stm32f3xx_hal_i2c.o Drivers\STM32F3xx_HAL_Driver\Src\stm32f3xx_hal_i2c_ex.o Drivers\STM32F3xx_HAL_Driver\Src\stm32f3xx_hal_pcd.o Drivers\STM32F3xx_HAL_Driver\Src\stm32f3xx_hal_pcd_ex.o Drivers\STM32F3xx_HAL_Driver\Src\stm32f3xx_hal_pwr.o Drivers\STM32F3xx_HAL_Driver\Src\stm32f3xx_hal_pwr_ex.o Drivers\STM32F3xx_HAL_Driver\Src\stm32f3xx_hal_rcc.o Drivers\STM32F3xx_HAL_Driver\Src\stm32f3xx_hal_rcc_ex.o Drivers\STM32F3xx_HAL_Driver\Src\stm32f3xx_hal_spi.o Drivers\STM32F3xx_HAL_Driver\Src\stm32f3xx_hal_spi_ex.o Drivers\STM32F3xx_HAL_Driver\Src\stm32f3xx_hal_tim.o Drivers\STM32F3xx_HAL_Driver\Src\stm32f3xx_hal_tim_ex.o Middlewares\STM32_USB_Device_Library\Class\CDC\Src\usbd_cdc.o Middlewares\STM32_USB_Device_Library\Core\Src\usbd_core.o Middlewares\STM32_USB_Device_Library\Core\Src\usbd_ctlreq.o Middlewares\STM32_USB_Device_Library\Core\Src\usbd_ioreq.o Src\debug.o Src\gpio.o Src\i2c.o Src\main.o Src\max_i2cxl.o Src\spi.o Src\stm32f3xx_hal_msp.o Src\stm32f3xx_it.o Src\system_stm32f3xx.o Src\usb_device.o Src\usbd_cdc_if.o Src\usbd_conf.o Src\usbd_desc.o startup\startup_stm32f303xc.o -mthumb -mcpu=cortex-m4 -mfloat-abi=hard -mfpu=fpv4-sp-d16 -T../STM32F303VC_FLASH.ld -specs=nosys.specs -static -Wl,-Map=truck_capacity_sensor.map -Wl,--gc-sections -Wl,--defsym=malloc_getpagesize_P=0x80 -Wl,--start-group -lc -lm -Wl,--end-group -specs=nano.specs 
C:\Program Files (x86)\Atollic\TrueSTUDIO for STM32 9.0.0\ide\jre\bin\java -jar C:\Program Files (x86)\Atollic\TrueSTUDIO for STM32 9.0.0\Tools\arm-atollic-reports.jar sizeinfo list truck_capacity_sensor.elf 
Generate build reports...
Print size information
   text	   data	    bss	    dec	    hex	filename
  30432	    452	   6380	  37264	   9190	truck_capacity_sensor.elf
Print size information done
Generate listing file
Output sent to: truck_capacity_sensor.list
Generate listing file done
Generate build reports done
18:10:19 **** Incremental Build of configuration Debug for project truck_capacity_sensor ****
Info: Internal Builder is used for build
arm-atollic-eabi-gcc -c -mthumb -mcpu=cortex-m4 -mfloat-abi=hard -mfpu=fpv4-sp-d16 -std=gnu11 -D__weak=__attribute__((weak)) -D__packed=__attribute__((__packed__)) -DUSE_HAL_DRIVER -DSTM32F303xC -I../Inc -I../Drivers/STM32F3xx_HAL_Driver/Inc -I../Drivers/STM32F3xx_HAL_Driver/Inc/Legacy -I../Drivers/CMSIS/Device/ST/STM32F3xx/Include -I../Drivers/CMSIS/Include -I../Middlewares/ST/STM32_USB_Device_Library/Core/Inc -I../Middlewares/ST/STM32_USB_Device_Library/Class/CDC/Inc -O0 -ffunction-sections -fdata-sections -g3 -fstack-usage -Wall -specs=nano.specs -o Src\debug.o ..\Src\debug.c 
..\Src\debug.c: In function 'print_measurement':
..\Src\debug.c:18:2: warning: implicit declaration of function 'memset' [-Wimplicit-function-declaration]
  memset(Buf, 0, CLR_SCR_BUF_SIZE);
  ^~~~~~
..\Src\debug.c:18:2: warning: incompatible implicit declaration of built-in function 'memset'
..\Src\debug.c:18:2: note: include '<string.h>' or provide a declaration of 'memset'
..\Src\debug.c:22:2: warning: implicit declaration of function 'sprintf' [-Wimplicit-function-declaration]
  sprintf(clr_screen_buf, "%c[2J\r", ESC);
  ^~~~~~~
..\Src\debug.c:22:2: warning: incompatible implicit declaration of built-in function 'sprintf'
..\Src\debug.c:22:2: note: include '<stdio.h>' or provide a declaration of 'sprintf'
..\Src\debug.c:25:19: warning: implicit declaration of function 'CDC_Transmit_FS' [-Wimplicit-function-declaration]
  while((ret_val = CDC_Transmit_FS((uint8_t *)clr_screen_buf, strlen(clr_screen_buf))) != 0) {
                   ^~~~~~~~~~~~~~~
..\Src\debug.c:25:62: warning: implicit declaration of function 'strlen' [-Wimplicit-function-declaration]
  while((ret_val = CDC_Transmit_FS((uint8_t *)clr_screen_buf, strlen(clr_screen_buf))) != 0) {
                                                              ^~~~~~
..\Src\debug.c:25:62: warning: incompatible implicit declaration of built-in function 'strlen'
..\Src\debug.c:25:62: note: include '<string.h>' or provide a declaration of 'strlen'
..\Src\debug.c:28:51: warning: incompatible implicit declaration of built-in function 'strlen'
  while((ret_val = CDC_Transmit_FS((uint8_t *)Buf, strlen(Buf))) != 0) {}
                                                   ^~~~~~
..\Src\debug.c:28:51: note: include '<string.h>' or provide a declaration of 'strlen'
..\Src\debug.c: In function 'print_debug_message':
..\Src\debug.c:32:38: warning: incompatible implicit declaration of built-in function 'strlen'
  CDC_Transmit_FS((uint8_t *)message, strlen(message));
                                      ^~~~~~
..\Src\debug.c:32:38: note: include '<string.h>' or provide a declaration of 'strlen'
arm-atollic-eabi-gcc -o truck_capacity_sensor.elf Drivers\STM32F3xx_HAL_Driver\Src\stm32f3xx_hal.o Drivers\STM32F3xx_HAL_Driver\Src\stm32f3xx_hal_cortex.o Drivers\STM32F3xx_HAL_Driver\Src\stm32f3xx_hal_dma.o Drivers\STM32F3xx_HAL_Driver\Src\stm32f3xx_hal_flash.o Drivers\STM32F3xx_HAL_Driver\Src\stm32f3xx_hal_flash_ex.o Drivers\STM32F3xx_HAL_Driver\Src\stm32f3xx_hal_gpio.o Drivers\STM32F3xx_HAL_Driver\Src\stm32f3xx_hal_i2c.o Drivers\STM32F3xx_HAL_Driver\Src\stm32f3xx_hal_i2c_ex.o Drivers\STM32F3xx_HAL_Driver\Src\stm32f3xx_hal_pcd.o Drivers\STM32F3xx_HAL_Driver\Src\stm32f3xx_hal_pcd_ex.o Drivers\STM32F3xx_HAL_Driver\Src\stm32f3xx_hal_pwr.o Drivers\STM32F3xx_HAL_Driver\Src\stm32f3xx_hal_pwr_ex.o Drivers\STM32F3xx_HAL_Driver\Src\stm32f3xx_hal_rcc.o Drivers\STM32F3xx_HAL_Driver\Src\stm32f3xx_hal_rcc_ex.o Drivers\STM32F3xx_HAL_Driver\Src\stm32f3xx_hal_spi.o Drivers\STM32F3xx_HAL_Driver\Src\stm32f3xx_hal_spi_ex.o Drivers\STM32F3xx_HAL_Driver\Src\stm32f3xx_hal_tim.o Drivers\STM32F3xx_HAL_Driver\Src\stm32f3xx_hal_tim_ex.o Middlewares\STM32_USB_Device_Library\Class\CDC\Src\usbd_cdc.o Middlewares\STM32_USB_Device_Library\Core\Src\usbd_core.o Middlewares\STM32_USB_Device_Library\Core\Src\usbd_ctlreq.o Middlewares\STM32_USB_Device_Library\Core\Src\usbd_ioreq.o Src\debug.o Src\gpio.o Src\i2c.o Src\main.o Src\max_i2cxl.o Src\spi.o Src\stm32f3xx_hal_msp.o Src\stm32f3xx_it.o Src\system_stm32f3xx.o Src\usb_device.o Src\usbd_cdc_if.o Src\usbd_conf.o Src\usbd_desc.o startup\startup_stm32f303xc.o -mthumb -mcpu=cortex-m4 -mfloat-abi=hard -mfpu=fpv4-sp-d16 -T../STM32F303VC_FLASH.ld -specs=nosys.specs -static -Wl,-Map=truck_capacity_sensor.map -Wl,--gc-sections -Wl,--defsym=malloc_getpagesize_P=0x80 -Wl,--start-group -lc -lm -Wl,--end-group -specs=nano.specs 
C:\Program Files (x86)\Atollic\TrueSTUDIO for STM32 9.0.0\ide\jre\bin\java -jar C:\Program Files (x86)\Atollic\TrueSTUDIO for STM32 9.0.0\Tools\arm-atollic-reports.jar sizeinfo list truck_capacity_sensor.elf 
Generate build reports...
Print size information
   text	   data	    bss	    dec	    hex	filename
  30432	    452	   6380	  37264	   9190	truck_capacity_sensor.elf
Print size information done
Generate listing file
Output sent to: truck_capacity_sensor.list
Generate listing file done
Generate build reports done
18:12:11 **** Incremental Build of configuration Debug for project truck_capacity_sensor ****
Info: Internal Builder is used for build
arm-atollic-eabi-gcc -c -mthumb -mcpu=cortex-m4 -mfloat-abi=hard -mfpu=fpv4-sp-d16 -std=gnu11 -D__weak=__attribute__((weak)) -D__packed=__attribute__((__packed__)) -DUSE_HAL_DRIVER -DSTM32F303xC -I../Inc -I../Drivers/STM32F3xx_HAL_Driver/Inc -I../Drivers/STM32F3xx_HAL_Driver/Inc/Legacy -I../Drivers/CMSIS/Device/ST/STM32F3xx/Include -I../Drivers/CMSIS/Include -I../Middlewares/ST/STM32_USB_Device_Library/Core/Inc -I../Middlewares/ST/STM32_USB_Device_Library/Class/CDC/Inc -O0 -ffunction-sections -fdata-sections -g3 -fstack-usage -Wall -specs=nano.specs -o Src\main.o ..\Src\main.c 
..\Src\main.c: In function 'main':
..\Src\main.c:149:17: warning: implicit declaration of function 'i2cxl_maxsonar_init' [-Wimplicit-function-declaration]
   if((ret_val = i2cxl_maxsonar_init()) != 0) {
                 ^~~~~~~~~~~~~~~~~~~
..\Src\main.c:150:38: warning: format '%d' expects argument of type 'int', but argument 3 has type 'uint32_t {aka volatile long unsigned int}' [-Wformat=]
    sprintf(error_message, "E: Error %d initializing sensor...\r\n", ret_val);
                                      ^
..\Src\main.c:151:4: warning: implicit declaration of function 'print_debug_message' [-Wimplicit-function-declaration]
    print_debug_message(error_message);
    ^~~~~~~~~~~~~~~~~~~
..\Src\main.c:153:3: warning: implicit declaration of function 'print_measurement' [-Wimplicit-function-declaration]
   print_measurement(range_cm);
   ^~~~~~~~~~~~~~~~~
..\Src\main.c:182:14: warning: implicit declaration of function 'i2cxl_maxsonar_start' [-Wimplicit-function-declaration]
    ret_val = i2cxl_maxsonar_start(112, &range_cm);
              ^~~~~~~~~~~~~~~~~~~~
arm-atollic-eabi-gcc -o truck_capacity_sensor.elf Drivers\STM32F3xx_HAL_Driver\Src\stm32f3xx_hal.o Drivers\STM32F3xx_HAL_Driver\Src\stm32f3xx_hal_cortex.o Drivers\STM32F3xx_HAL_Driver\Src\stm32f3xx_hal_dma.o Drivers\STM32F3xx_HAL_Driver\Src\stm32f3xx_hal_flash.o Drivers\STM32F3xx_HAL_Driver\Src\stm32f3xx_hal_flash_ex.o Drivers\STM32F3xx_HAL_Driver\Src\stm32f3xx_hal_gpio.o Drivers\STM32F3xx_HAL_Driver\Src\stm32f3xx_hal_i2c.o Drivers\STM32F3xx_HAL_Driver\Src\stm32f3xx_hal_i2c_ex.o Drivers\STM32F3xx_HAL_Driver\Src\stm32f3xx_hal_pcd.o Drivers\STM32F3xx_HAL_Driver\Src\stm32f3xx_hal_pcd_ex.o Drivers\STM32F3xx_HAL_Driver\Src\stm32f3xx_hal_pwr.o Drivers\STM32F3xx_HAL_Driver\Src\stm32f3xx_hal_pwr_ex.o Drivers\STM32F3xx_HAL_Driver\Src\stm32f3xx_hal_rcc.o Drivers\STM32F3xx_HAL_Driver\Src\stm32f3xx_hal_rcc_ex.o Drivers\STM32F3xx_HAL_Driver\Src\stm32f3xx_hal_spi.o Drivers\STM32F3xx_HAL_Driver\Src\stm32f3xx_hal_spi_ex.o Drivers\STM32F3xx_HAL_Driver\Src\stm32f3xx_hal_tim.o Drivers\STM32F3xx_HAL_Driver\Src\stm32f3xx_hal_tim_ex.o Middlewares\STM32_USB_Device_Library\Class\CDC\Src\usbd_cdc.o Middlewares\STM32_USB_Device_Library\Core\Src\usbd_core.o Middlewares\STM32_USB_Device_Library\Core\Src\usbd_ctlreq.o Middlewares\STM32_USB_Device_Library\Core\Src\usbd_ioreq.o Src\debug.o Src\gpio.o Src\i2c.o Src\main.o Src\max_i2cxl.o Src\spi.o Src\stm32f3xx_hal_msp.o Src\stm32f3xx_it.o Src\system_stm32f3xx.o Src\usb_device.o Src\usbd_cdc_if.o Src\usbd_conf.o Src\usbd_desc.o startup\startup_stm32f303xc.o -mthumb -mcpu=cortex-m4 -mfloat-abi=hard -mfpu=fpv4-sp-d16 -T../STM32F303VC_FLASH.ld -specs=nosys.specs -static -Wl,-Map=truck_capacity_sensor.map -Wl,--gc-sections -Wl,--defsym=malloc_getpagesize_P=0x80 -Wl,--start-group -lc -lm -Wl,--end-group -specs=nano.specs 
C:\Program Files (x86)\Atollic\TrueSTUDIO for STM32 9.0.0\ide\jre\bin\java -jar C:\Program Files (x86)\Atollic\TrueSTUDIO for STM32 9.0.0\Tools\arm-atollic-reports.jar sizeinfo list truck_capacity_sensor.elf 
Generate build reports...
Print size information
   text	   data	    bss	    dec	    hex	filename
  30432	    452	   6380	  37264	   9190	truck_capacity_sensor.elf
Print size information done
Generate listing file
Output sent to: truck_capacity_sensor.list
Generate listing file done
Generate build reports done
18:15:25 **** Incremental Build of configuration Debug for project truck_capacity_sensor ****
Info: Internal Builder is used for build
arm-atollic-eabi-gcc -c -mthumb -mcpu=cortex-m4 -mfloat-abi=hard -mfpu=fpv4-sp-d16 -std=gnu11 -D__weak=__attribute__((weak)) -D__packed=__attribute__((__packed__)) -DUSE_HAL_DRIVER -DSTM32F303xC -I../Inc -I../Drivers/STM32F3xx_HAL_Driver/Inc -I../Drivers/STM32F3xx_HAL_Driver/Inc/Legacy -I../Drivers/CMSIS/Device/ST/STM32F3xx/Include -I../Drivers/CMSIS/Include -I../Middlewares/ST/STM32_USB_Device_Library/Core/Inc -I../Middlewares/ST/STM32_USB_Device_Library/Class/CDC/Inc -O0 -ffunction-sections -fdata-sections -g3 -fstack-usage -Wall -specs=nano.specs -o Src\main.o ..\Src\main.c 
..\Src\main.c: In function 'main':
..\Src\main.c:135:2: warning: implicit declaration of function 'print_debug_message' [-Wimplicit-function-declaration]
  print_debug_message("I: Initializing System...\r\n");
  ^~~~~~~~~~~~~~~~~~~
..\Src\main.c:149:17: warning: implicit declaration of function 'i2cxl_maxsonar_init' [-Wimplicit-function-declaration]
   if((ret_val = i2cxl_maxsonar_init()) != 0) {
                 ^~~~~~~~~~~~~~~~~~~
..\Src\main.c:150:38: warning: format '%d' expects argument of type 'int', but argument 3 has type 'uint32_t {aka volatile long unsigned int}' [-Wformat=]
    sprintf(error_message, "E: Error %d initializing sensor...\r\n", ret_val);
                                      ^
..\Src\main.c:182:14: warning: implicit declaration of function 'i2cxl_maxsonar_start' [-Wimplicit-function-declaration]
    ret_val = i2cxl_maxsonar_start(112, &range_cm);
              ^~~~~~~~~~~~~~~~~~~~
..\Src\main.c:183:4: warning: implicit declaration of function 'print_measurement' [-Wimplicit-function-declaration]
    print_measurement(range_cm);
    ^~~~~~~~~~~~~~~~~
arm-atollic-eabi-gcc -c -mthumb -mcpu=cortex-m4 -mfloat-abi=hard -mfpu=fpv4-sp-d16 -std=gnu11 -D__weak=__attribute__((weak)) -D__packed=__attribute__((__packed__)) -DUSE_HAL_DRIVER -DSTM32F303xC -I../Inc -I../Drivers/STM32F3xx_HAL_Driver/Inc -I../Drivers/STM32F3xx_HAL_Driver/Inc/Legacy -I../Drivers/CMSIS/Device/ST/STM32F3xx/Include -I../Drivers/CMSIS/Include -I../Middlewares/ST/STM32_USB_Device_Library/Core/Inc -I../Middlewares/ST/STM32_USB_Device_Library/Class/CDC/Inc -O0 -ffunction-sections -fdata-sections -g3 -fstack-usage -Wall -specs=nano.specs -o Src\debug.o ..\Src\debug.c 
..\Src\debug.c: In function 'print_measurement':
..\Src\debug.c:18:2: warning: implicit declaration of function 'memset' [-Wimplicit-function-declaration]
  memset(Buf, 0, CLR_SCR_BUF_SIZE);
  ^~~~~~
..\Src\debug.c:18:2: warning: incompatible implicit declaration of built-in function 'memset'
..\Src\debug.c:18:2: note: include '<string.h>' or provide a declaration of 'memset'
..\Src\debug.c:22:2: warning: implicit declaration of function 'sprintf' [-Wimplicit-function-declaration]
  sprintf(clr_screen_buf, "%c[2J\r", ESC);
  ^~~~~~~
..\Src\debug.c:22:2: warning: incompatible implicit declaration of built-in function 'sprintf'
..\Src\debug.c:22:2: note: include '<stdio.h>' or provide a declaration of 'sprintf'
..\Src\debug.c:25:19: warning: implicit declaration of function 'CDC_Transmit_FS' [-Wimplicit-function-declaration]
  while((ret_val = CDC_Transmit_FS((uint8_t *)clr_screen_buf, strlen(clr_screen_buf))) != 0) {
                   ^~~~~~~~~~~~~~~
..\Src\debug.c:25:62: warning: implicit declaration of function 'strlen' [-Wimplicit-function-declaration]
  while((ret_val = CDC_Transmit_FS((uint8_t *)clr_screen_buf, strlen(clr_screen_buf))) != 0) {
                                                              ^~~~~~
..\Src\debug.c:25:62: warning: incompatible implicit declaration of built-in function 'strlen'
..\Src\debug.c:25:62: note: include '<string.h>' or provide a declaration of 'strlen'
..\Src\debug.c:28:51: warning: incompatible implicit declaration of built-in function 'strlen'
  while((ret_val = CDC_Transmit_FS((uint8_t *)Buf, strlen(Buf))) != 0) {}
                                                   ^~~~~~
..\Src\debug.c:28:51: note: include '<string.h>' or provide a declaration of 'strlen'
..\Src\debug.c: In function 'print_debug_message':
..\Src\debug.c:33:55: warning: incompatible implicit declaration of built-in function 'strlen'
  while((ret_val = CDC_Transmit_FS((uint8_t *)message, strlen(message))) != 0);
                                                       ^~~~~~
..\Src\debug.c:33:55: note: include '<string.h>' or provide a declaration of 'strlen'
arm-atollic-eabi-gcc -o truck_capacity_sensor.elf Drivers\STM32F3xx_HAL_Driver\Src\stm32f3xx_hal.o Drivers\STM32F3xx_HAL_Driver\Src\stm32f3xx_hal_cortex.o Drivers\STM32F3xx_HAL_Driver\Src\stm32f3xx_hal_dma.o Drivers\STM32F3xx_HAL_Driver\Src\stm32f3xx_hal_flash.o Drivers\STM32F3xx_HAL_Driver\Src\stm32f3xx_hal_flash_ex.o Drivers\STM32F3xx_HAL_Driver\Src\stm32f3xx_hal_gpio.o Drivers\STM32F3xx_HAL_Driver\Src\stm32f3xx_hal_i2c.o Drivers\STM32F3xx_HAL_Driver\Src\stm32f3xx_hal_i2c_ex.o Drivers\STM32F3xx_HAL_Driver\Src\stm32f3xx_hal_pcd.o Drivers\STM32F3xx_HAL_Driver\Src\stm32f3xx_hal_pcd_ex.o Drivers\STM32F3xx_HAL_Driver\Src\stm32f3xx_hal_pwr.o Drivers\STM32F3xx_HAL_Driver\Src\stm32f3xx_hal_pwr_ex.o Drivers\STM32F3xx_HAL_Driver\Src\stm32f3xx_hal_rcc.o Drivers\STM32F3xx_HAL_Driver\Src\stm32f3xx_hal_rcc_ex.o Drivers\STM32F3xx_HAL_Driver\Src\stm32f3xx_hal_spi.o Drivers\STM32F3xx_HAL_Driver\Src\stm32f3xx_hal_spi_ex.o Drivers\STM32F3xx_HAL_Driver\Src\stm32f3xx_hal_tim.o Drivers\STM32F3xx_HAL_Driver\Src\stm32f3xx_hal_tim_ex.o Middlewares\STM32_USB_Device_Library\Class\CDC\Src\usbd_cdc.o Middlewares\STM32_USB_Device_Library\Core\Src\usbd_core.o Middlewares\STM32_USB_Device_Library\Core\Src\usbd_ctlreq.o Middlewares\STM32_USB_Device_Library\Core\Src\usbd_ioreq.o Src\debug.o Src\gpio.o Src\i2c.o Src\main.o Src\max_i2cxl.o Src\spi.o Src\stm32f3xx_hal_msp.o Src\stm32f3xx_it.o Src\system_stm32f3xx.o Src\usb_device.o Src\usbd_cdc_if.o Src\usbd_conf.o Src\usbd_desc.o startup\startup_stm32f303xc.o -mthumb -mcpu=cortex-m4 -mfloat-abi=hard -mfpu=fpv4-sp-d16 -T../STM32F303VC_FLASH.ld -specs=nosys.specs -static -Wl,-Map=truck_capacity_sensor.map -Wl,--gc-sections -Wl,--defsym=malloc_getpagesize_P=0x80 -Wl,--start-group -lc -lm -Wl,--end-group -specs=nano.specs 
C:\Program Files (x86)\Atollic\TrueSTUDIO for STM32 9.0.0\ide\jre\bin\java -jar C:\Program Files (x86)\Atollic\TrueSTUDIO for STM32 9.0.0\Tools\arm-atollic-reports.jar sizeinfo list truck_capacity_sensor.elf 
Generate build reports...
Print size information
   text	   data	    bss	    dec	    hex	filename
  30556	    452	   6380	  37388	   920c	truck_capacity_sensor.elf
Print size information done
Generate listing file
Output sent to: truck_capacity_sensor.list
Generate listing file done
Generate build reports done
18:24:25 **** Incremental Build of configuration Debug for project truck_capacity_sensor ****
Info: Internal Builder is used for build
arm-atollic-eabi-gcc -c -mthumb -mcpu=cortex-m4 -mfloat-abi=hard -mfpu=fpv4-sp-d16 -std=gnu11 -D__weak=__attribute__((weak)) -D__packed=__attribute__((__packed__)) -DUSE_HAL_DRIVER -DSTM32F303xC -I../Inc -I../Drivers/STM32F3xx_HAL_Driver/Inc -I../Drivers/STM32F3xx_HAL_Driver/Inc/Legacy -I../Drivers/CMSIS/Device/ST/STM32F3xx/Include -I../Drivers/CMSIS/Include -I../Middlewares/ST/STM32_USB_Device_Library/Core/Inc -I../Middlewares/ST/STM32_USB_Device_Library/Class/CDC/Inc -O0 -ffunction-sections -fdata-sections -g3 -fstack-usage -Wall -specs=nano.specs -o Src\debug.o ..\Src\debug.c 
..\Src\debug.c: In function 'print_measurement':
..\Src\debug.c:18:2: warning: implicit declaration of function 'memset' [-Wimplicit-function-declaration]
  memset(Buf, 0, CLR_SCR_BUF_SIZE);
  ^~~~~~
..\Src\debug.c:18:2: warning: incompatible implicit declaration of built-in function 'memset'
..\Src\debug.c:18:2: note: include '<string.h>' or provide a declaration of 'memset'
..\Src\debug.c:22:2: warning: implicit declaration of function 'sprintf' [-Wimplicit-function-declaration]
  sprintf(clr_screen_buf, "%c[2K\r", ESC);
  ^~~~~~~
..\Src\debug.c:22:2: warning: incompatible implicit declaration of built-in function 'sprintf'
..\Src\debug.c:22:2: note: include '<stdio.h>' or provide a declaration of 'sprintf'
..\Src\debug.c:25:19: warning: implicit declaration of function 'CDC_Transmit_FS' [-Wimplicit-function-declaration]
  while((ret_val = CDC_Transmit_FS((uint8_t *)clr_screen_buf, strlen(clr_screen_buf))) != 0) {
                   ^~~~~~~~~~~~~~~
..\Src\debug.c:25:62: warning: implicit declaration of function 'strlen' [-Wimplicit-function-declaration]
  while((ret_val = CDC_Transmit_FS((uint8_t *)clr_screen_buf, strlen(clr_screen_buf))) != 0) {
                                                              ^~~~~~
..\Src\debug.c:25:62: warning: incompatible implicit declaration of built-in function 'strlen'
..\Src\debug.c:25:62: note: include '<string.h>' or provide a declaration of 'strlen'
..\Src\debug.c:28:51: warning: incompatible implicit declaration of built-in function 'strlen'
  while((ret_val = CDC_Transmit_FS((uint8_t *)Buf, strlen(Buf))) != 0) {}
                                                   ^~~~~~
..\Src\debug.c:28:51: note: include '<string.h>' or provide a declaration of 'strlen'
..\Src\debug.c: In function 'print_debug_message':
..\Src\debug.c:33:55: warning: incompatible implicit declaration of built-in function 'strlen'
  while((ret_val = CDC_Transmit_FS((uint8_t *)message, strlen(message))) != 0);
                                                       ^~~~~~
..\Src\debug.c:33:55: note: include '<string.h>' or provide a declaration of 'strlen'
arm-atollic-eabi-gcc -o truck_capacity_sensor.elf Drivers\STM32F3xx_HAL_Driver\Src\stm32f3xx_hal.o Drivers\STM32F3xx_HAL_Driver\Src\stm32f3xx_hal_cortex.o Drivers\STM32F3xx_HAL_Driver\Src\stm32f3xx_hal_dma.o Drivers\STM32F3xx_HAL_Driver\Src\stm32f3xx_hal_flash.o Drivers\STM32F3xx_HAL_Driver\Src\stm32f3xx_hal_flash_ex.o Drivers\STM32F3xx_HAL_Driver\Src\stm32f3xx_hal_gpio.o Drivers\STM32F3xx_HAL_Driver\Src\stm32f3xx_hal_i2c.o Drivers\STM32F3xx_HAL_Driver\Src\stm32f3xx_hal_i2c_ex.o Drivers\STM32F3xx_HAL_Driver\Src\stm32f3xx_hal_pcd.o Drivers\STM32F3xx_HAL_Driver\Src\stm32f3xx_hal_pcd_ex.o Drivers\STM32F3xx_HAL_Driver\Src\stm32f3xx_hal_pwr.o Drivers\STM32F3xx_HAL_Driver\Src\stm32f3xx_hal_pwr_ex.o Drivers\STM32F3xx_HAL_Driver\Src\stm32f3xx_hal_rcc.o Drivers\STM32F3xx_HAL_Driver\Src\stm32f3xx_hal_rcc_ex.o Drivers\STM32F3xx_HAL_Driver\Src\stm32f3xx_hal_spi.o Drivers\STM32F3xx_HAL_Driver\Src\stm32f3xx_hal_spi_ex.o Drivers\STM32F3xx_HAL_Driver\Src\stm32f3xx_hal_tim.o Drivers\STM32F3xx_HAL_Driver\Src\stm32f3xx_hal_tim_ex.o Middlewares\STM32_USB_Device_Library\Class\CDC\Src\usbd_cdc.o Middlewares\STM32_USB_Device_Library\Core\Src\usbd_core.o Middlewares\STM32_USB_Device_Library\Core\Src\usbd_ctlreq.o Middlewares\STM32_USB_Device_Library\Core\Src\usbd_ioreq.o Src\debug.o Src\gpio.o Src\i2c.o Src\main.o Src\max_i2cxl.o Src\spi.o Src\stm32f3xx_hal_msp.o Src\stm32f3xx_it.o Src\system_stm32f3xx.o Src\usb_device.o Src\usbd_cdc_if.o Src\usbd_conf.o Src\usbd_desc.o startup\startup_stm32f303xc.o -mthumb -mcpu=cortex-m4 -mfloat-abi=hard -mfpu=fpv4-sp-d16 -T../STM32F303VC_FLASH.ld -specs=nosys.specs -static -Wl,-Map=truck_capacity_sensor.map -Wl,--gc-sections -Wl,--defsym=malloc_getpagesize_P=0x80 -Wl,--start-group -lc -lm -Wl,--end-group -specs=nano.specs 
C:\Program Files (x86)\Atollic\TrueSTUDIO for STM32 9.0.0\ide\jre\bin\java -jar C:\Program Files (x86)\Atollic\TrueSTUDIO for STM32 9.0.0\Tools\arm-atollic-reports.jar sizeinfo list truck_capacity_sensor.elf 
Generate build reports...
Print size information
   text	   data	    bss	    dec	    hex	filename
  30556	    452	   6380	  37388	   920c	truck_capacity_sensor.elf
Print size information done
Generate listing file
Output sent to: truck_capacity_sensor.list
Generate listing file done
Generate build reports done
