09:44:03 **** Incremental Build of configuration Debug for project truck_capacity_sensor ****
Info: Internal Builder is used for build
arm-atollic-eabi-gcc -c -mthumb -mcpu=cortex-m4 -mfloat-abi=hard -mfpu=fpv4-sp-d16 -std=gnu11 -D__weak=__attribute__((weak)) -D__packed=__attribute__((__packed__)) -DUSE_HAL_DRIVER -DSTM32F303xC -I../Inc -I../Drivers/STM32F3xx_HAL_Driver/Inc -I../Drivers/STM32F3xx_HAL_Driver/Inc/Legacy -I../Drivers/CMSIS/Device/ST/STM32F3xx/Include -I../Drivers/CMSIS/Include -Os -ffunction-sections -fdata-sections -g -fstack-usage -Wall -specs=nano.specs -o Src\max_i2cxl.o ..\Src\max_i2cxl.c 
arm-atollic-eabi-gcc -c -mthumb -mcpu=cortex-m4 -mfloat-abi=hard -mfpu=fpv4-sp-d16 -std=gnu11 -D__weak=__attribute__((weak)) -D__packed=__attribute__((__packed__)) -DUSE_HAL_DRIVER -DSTM32F303xC -I../Inc -I../Drivers/STM32F3xx_HAL_Driver/Inc -I../Drivers/STM32F3xx_HAL_Driver/Inc/Legacy -I../Drivers/CMSIS/Device/ST/STM32F3xx/Include -I../Drivers/CMSIS/Include -Os -ffunction-sections -fdata-sections -g -fstack-usage -Wall -specs=nano.specs -o Src\main.o ..\Src\main.c 
arm-atollic-eabi-gcc -c -mthumb -mcpu=cortex-m4 -mfloat-abi=hard -mfpu=fpv4-sp-d16 -std=gnu11 -D__weak=__attribute__((weak)) -D__packed=__attribute__((__packed__)) -DUSE_HAL_DRIVER -DSTM32F303xC -I../Inc -I../Drivers/STM32F3xx_HAL_Driver/Inc -I../Drivers/STM32F3xx_HAL_Driver/Inc/Legacy -I../Drivers/CMSIS/Device/ST/STM32F3xx/Include -I../Drivers/CMSIS/Include -Os -ffunction-sections -fdata-sections -g -fstack-usage -Wall -specs=nano.specs -o Src\i2c.o ..\Src\i2c.c 
arm-atollic-eabi-gcc -o truck_capacity_sensor.elf Drivers\STM32F3xx_HAL_Driver\Src\stm32f3xx_hal.o Drivers\STM32F3xx_HAL_Driver\Src\stm32f3xx_hal_cortex.o Drivers\STM32F3xx_HAL_Driver\Src\stm32f3xx_hal_dma.o Drivers\STM32F3xx_HAL_Driver\Src\stm32f3xx_hal_flash.o Drivers\STM32F3xx_HAL_Driver\Src\stm32f3xx_hal_flash_ex.o Drivers\STM32F3xx_HAL_Driver\Src\stm32f3xx_hal_gpio.o Drivers\STM32F3xx_HAL_Driver\Src\stm32f3xx_hal_i2c.o Drivers\STM32F3xx_HAL_Driver\Src\stm32f3xx_hal_i2c_ex.o Drivers\STM32F3xx_HAL_Driver\Src\stm32f3xx_hal_pwr.o Drivers\STM32F3xx_HAL_Driver\Src\stm32f3xx_hal_pwr_ex.o Drivers\STM32F3xx_HAL_Driver\Src\stm32f3xx_hal_rcc.o Drivers\STM32F3xx_HAL_Driver\Src\stm32f3xx_hal_rcc_ex.o Drivers\STM32F3xx_HAL_Driver\Src\stm32f3xx_hal_spi.o Drivers\STM32F3xx_HAL_Driver\Src\stm32f3xx_hal_spi_ex.o Drivers\STM32F3xx_HAL_Driver\Src\stm32f3xx_hal_tim.o Drivers\STM32F3xx_HAL_Driver\Src\stm32f3xx_hal_tim_ex.o Src\DefaultFonts.o Src\ST7735.o Src\gpio.o Src\hw_config.o Src\i2c.o Src\main.o Src\max_i2cxl.o Src\spi.o Src\stm32f3xx_hal_msp.o Src\stm32f3xx_it.o Src\system_stm32f3xx.o startup\startup_stm32f303xc.o -mthumb -mcpu=cortex-m4 -mfloat-abi=hard -mfpu=fpv4-sp-d16 -T../STM32F303VC_FLASH.ld -specs=nosys.specs -static -Wl,-Map=truck_capacity_sensor.map -Wl,--gc-sections -Wl,--defsym=malloc_getpagesize_P=0x80 -Wl,--start-group -lc -lm -Wl,--end-group -specs=nano.specs 
C:\Program Files (x86)\Atollic\TrueSTUDIO for ARM 8.0.0\ide\jre\bin\java -jar C:\Program Files (x86)\Atollic\TrueSTUDIO for ARM 8.0.0\Tools\arm-atollic-reports.jar sizeinfo list C:\Users\Gabriel\Documents\GitHub\Truck-Capacity-Sensor\truck_capacity_sensor\Debug\truck_capacity_sensor.elf 
Generate build reports...
Print size information
   text	   data	    bss	    dec	    hex	filename
   5260	     12	   1744	   7016	   1b68	C:\Users\Gabriel\Documents\GitHub\Truck-Capacity-Sensor\truck_capacity_sensor\Debug\truck_capacity_sensor.elf
Print size information done
Generate listing file
Output sent to: C:\Users\Gabriel\Documents\GitHub\Truck-Capacity-Sensor\truck_capacity_sensor\Debug\truck_capacity_sensor.list
Generate listing file done
Generate build reports done
